 PGPsdkW6

 Timestamp is 45ddf356 (Thu Feb 22 22:47:34 2007)

 Preferred load address is 46600000

 Start         Length     Name                   Class
 0001:00000000 0000003cH .idata$5                CODE
 0001:00000040 0000003eH .rdata                  CODE
 0001:00000080 00000d81H .text                   CODE
 0001:00000e04 00000040H .didat$2                CODE
 0001:00000e44 00000020H .didat$3                CODE
 0001:00000e64 000000a0H .didat$4                CODE
 0001:00000f04 000002ceH .didat$6                CODE
 0001:000011d4 000000a0H .didat$7                CODE
 0001:00001274 0000003cH .idata$2                CODE
 0001:000012b0 00000014H .idata$3                CODE
 0001:000012c4 0000003cH .idata$4                CODE
 0001:00001300 000000e0H .idata$6                CODE
 0001:000013e0 00000172H .edata                  CODE
 0002:00000000 00000090H .data                   DATA
 0002:00000090 000000a0H .didat$5                DATA
 0002:00000130 00000050H .bss                    DATA

  Address         Publics by Value              Rva+Base     Lib:Object

 0001:00000000       __imp__LocalAlloc@8        46601000     kernel32:KERNEL32.dll
 0001:00000004       __imp__LocalFree@4         46601004     kernel32:KERNEL32.dll
 0001:00000008       __imp__lstrlenA@4          46601008     kernel32:KERNEL32.dll
 0001:0000000c       __imp__GetLastError@0      4660100c     kernel32:KERNEL32.dll
 0001:00000010       __imp__RaiseException@16   46601010     kernel32:KERNEL32.dll
 0001:00000014       __imp__InterlockedExchange@8 46601014     kernel32:KERNEL32.dll
 0001:00000018       __imp__LoadLibraryA@4      46601018     kernel32:KERNEL32.dll
 0001:0000001c       __imp__FreeLibrary@4       4660101c     kernel32:KERNEL32.dll
 0001:00000020       __imp__GetProcAddress@8    46601020     kernel32:KERNEL32.dll
 0001:00000024       \177KERNEL32_NULL_THUNK_DATA 46601024     kernel32:KERNEL32.dll
 0001:00000028       __imp___except_handler3    46601028     msvcrt:MSVCRT.dll
 0001:0000002c       __imp__memmove             4660102c     msvcrt:MSVCRT.dll
 0001:00000030       \177MSVCRT_NULL_THUNK_DATA 46601030     msvcrt:MSVCRT.dll
 0001:00000034       __imp__MessageBoxA@16      46601034     user32:USER32.dll
 0001:00000038       \177USER32_NULL_THUNK_DATA 46601038     user32:USER32.dll
 0001:00000060       __sz_PGP_SDK               46601060     pgp_sdk:PGP_SDK.dll
 0001:00000070       __sz_PGPsdkUI              46601070     pgpsdkui:PGPsdkUI.dll
 0001:00000080       ?ClearPGPError@@YAXXZ      46601080 f   main.obj
 0001:00000089       ?CheckPGPError@@YA_NH@Z    46601089 f   main.obj
 0001:000000b5       __pgp_init                 466010b5 f   main.obj
 0001:000001be       __pgp_done                 466011be f   main.obj
 0001:00000271       __pgp_open_keyrings        46601271 f   main.obj
 0001:00000297       __pgp_close_keyrings       46601297 f   main.obj
 0001:000002b2       __pgp_get_version          466012b2 f   main.obj
 0001:000002b8       __pgp_get_error            466012b8 f   main.obj
 0001:000002be       __pgp_encrypt_keydb        466012be f   main.obj
 0001:000003dc       __pgp_decrypt_keydb        466013dc f   main.obj
 0001:00000528       ?_pgp_import_key@@YAHPAPAUPGPKeySet@@PBD@Z 46601528 f   main.obj
 0001:00000566       __pgp_encrypt_key          46601566 f   main.obj
 0001:00000683       __pgp_decrypt_key          46601683 f   main.obj
 0001:0000080b       __pgp_size_keyid           4660180b f   main.obj
 0001:0000080f       __pgp_select_keyid         4660180f f   main.obj
 0001:000008fb       ?dllmain@@YGHPAUHINSTANCE__@@KPAX@Z 466018fb f   main.obj
 0001:0000090a       __imp_load__PGPGetErrorString 4660190a     pgp_sdk:PGP_SDK.dll
 0001:00000916       __tailMerge_PGP_SDK        46601916     pgp_sdk:PGP_SDK.dll
 0001:00000924       _PGPGetErrorString         46601924     pgp_sdk:PGP_SDK.dll
 0001:0000092a       __imp_load__PGPGetSDKVersion 4660192a     pgp_sdk:PGP_SDK.dll
 0001:00000936       _PGPGetSDKVersion          46601936     pgp_sdk:PGP_SDK.dll
 0001:0000093c       __imp_load__PGPNewContext  4660193c     pgp_sdk:PGP_SDK.dll
 0001:00000948       _PGPNewContext             46601948     pgp_sdk:PGP_SDK.dll
 0001:0000094e       __imp_load__PGPsdkInit     4660194e     pgp_sdk:PGP_SDK.dll
 0001:0000095a       _PGPsdkInit                4660195a     pgp_sdk:PGP_SDK.dll
 0001:00000960       __imp_load__PGPsdkCleanup  46601960     pgp_sdk:PGP_SDK.dll
 0001:0000096c       _PGPsdkCleanup             4660196c     pgp_sdk:PGP_SDK.dll
 0001:00000972       __imp_load__PGPFreeContext 46601972     pgp_sdk:PGP_SDK.dll
 0001:0000097e       _PGPFreeContext            4660197e     pgp_sdk:PGP_SDK.dll
 0001:00000984       __imp_load__PGPFreeKeySet  46601984     pgp_sdk:PGP_SDK.dll
 0001:00000990       _PGPFreeKeySet             46601990     pgp_sdk:PGP_SDK.dll
 0001:00000996       __imp_load__PGPFreeData    46601996     pgp_sdk:PGP_SDK.dll
 0001:000009a2       _PGPFreeData               466019a2     pgp_sdk:PGP_SDK.dll
 0001:000009a8       __imp_load__PGPOpenDefaultKeyRings 466019a8     pgp_sdk:PGP_SDK.dll
 0001:000009b4       _PGPOpenDefaultKeyRings    466019b4     pgp_sdk:PGP_SDK.dll
 0001:000009ba       __imp_load__PGPFreeFilter  466019ba     pgp_sdk:PGP_SDK.dll
 0001:000009c6       _PGPFreeFilter             466019c6     pgp_sdk:PGP_SDK.dll
 0001:000009cc       __imp_load__PGPEncode      466019cc     pgp_sdk:PGP_SDK.dll
 0001:000009d8       _PGPEncode                 466019d8     pgp_sdk:PGP_SDK.dll
 0001:000009de       __imp_load__PGPOInputBuffer 466019de     pgp_sdk:PGP_SDK.dll
 0001:000009ea       _PGPOInputBuffer           466019ea     pgp_sdk:PGP_SDK.dll
 0001:000009f0       __imp_load__PGPOArmorOutput 466019f0     pgp_sdk:PGP_SDK.dll
 0001:000009fc       _PGPOArmorOutput           466019fc     pgp_sdk:PGP_SDK.dll
 0001:00000a02       __imp_load__PGPOAllocatedOutputBuffer 46601a02     pgp_sdk:PGP_SDK.dll
 0001:00000a0e       _PGPOAllocatedOutputBuffer 46601a0e     pgp_sdk:PGP_SDK.dll
 0001:00000a14       __imp_load__PGPOEncryptToKeySet 46601a14     pgp_sdk:PGP_SDK.dll
 0001:00000a20       _PGPOEncryptToKeySet       46601a20     pgp_sdk:PGP_SDK.dll
 0001:00000a26       __imp_load__PGPOVersionString 46601a26     pgp_sdk:PGP_SDK.dll
 0001:00000a32       _PGPOVersionString         46601a32     pgp_sdk:PGP_SDK.dll
 0001:00000a38       __imp_load__PGPOLastOption 46601a38     pgp_sdk:PGP_SDK.dll
 0001:00000a44       _PGPOLastOption            46601a44     pgp_sdk:PGP_SDK.dll
 0001:00000a4a       __imp_load__PGPFilterKeySet 46601a4a     pgp_sdk:PGP_SDK.dll
 0001:00000a56       _PGPFilterKeySet           46601a56     pgp_sdk:PGP_SDK.dll
 0001:00000a5c       __imp_load__PGPNewKeyIDFilter 46601a5c     pgp_sdk:PGP_SDK.dll
 0001:00000a68       _PGPNewKeyIDFilter         46601a68     pgp_sdk:PGP_SDK.dll
 0001:00000a6e       __imp_load__PGPDecode      46601a6e     pgp_sdk:PGP_SDK.dll
 0001:00000a7a       _PGPDecode                 46601a7a     pgp_sdk:PGP_SDK.dll
 0001:00000a80       __imp_load__PGPOKeySetRef  46601a80     pgp_sdk:PGP_SDK.dll
 0001:00000a8c       _PGPOKeySetRef             46601a8c     pgp_sdk:PGP_SDK.dll
 0001:00000a92       __imp_load__PGPOPassphrase 46601a92     pgp_sdk:PGP_SDK.dll
 0001:00000a9e       _PGPOPassphrase            46601a9e     pgp_sdk:PGP_SDK.dll
 0001:00000aa4       __imp_load__PGPImportKeySet 46601aa4     pgp_sdk:PGP_SDK.dll
 0001:00000ab0       _PGPImportKeySet           46601ab0     pgp_sdk:PGP_SDK.dll
 0001:00000ab6       __imp_load__PGPCountKeys   46601ab6     pgp_sdk:PGP_SDK.dll
 0001:00000ac2       _PGPCountKeys              46601ac2     pgp_sdk:PGP_SDK.dll
 0001:00000ac8       __imp_load__PGPFreeKeyIter 46601ac8     pgp_sdk:PGP_SDK.dll
 0001:00000ad4       _PGPFreeKeyIter            46601ad4     pgp_sdk:PGP_SDK.dll
 0001:00000ada       __imp_load__PGPFreeKeyList 46601ada     pgp_sdk:PGP_SDK.dll
 0001:00000ae6       _PGPFreeKeyList            46601ae6     pgp_sdk:PGP_SDK.dll
 0001:00000aec       __imp_load__PGPGetKeyIDString 46601aec     pgp_sdk:PGP_SDK.dll
 0001:00000af8       _PGPGetKeyIDString         46601af8     pgp_sdk:PGP_SDK.dll
 0001:00000afe       __imp_load__PGPGetKeyIDFromKey 46601afe     pgp_sdk:PGP_SDK.dll
 0001:00000b0a       _PGPGetKeyIDFromKey        46601b0a     pgp_sdk:PGP_SDK.dll
 0001:00000b10       __imp_load__PGPKeyIterNext 46601b10     pgp_sdk:PGP_SDK.dll
 0001:00000b1c       _PGPKeyIterNext            46601b1c     pgp_sdk:PGP_SDK.dll
 0001:00000b22       __imp_load__PGPNewKeyIter  46601b22     pgp_sdk:PGP_SDK.dll
 0001:00000b2e       _PGPNewKeyIter             46601b2e     pgp_sdk:PGP_SDK.dll
 0001:00000b34       __imp_load__PGPOrderKeySet 46601b34     pgp_sdk:PGP_SDK.dll
 0001:00000b40       _PGPOrderKeySet            46601b40     pgp_sdk:PGP_SDK.dll
 0001:00000b46       __imp_load__PGPsdkUILibInit 46601b46     pgpsdkui:PGPsdkUI.dll
 0001:00000b52       __tailMerge_PGPsdkUI       46601b52     pgpsdkui:PGPsdkUI.dll
 0001:00000b60       _PGPsdkUILibInit           46601b60     pgpsdkui:PGPsdkUI.dll
 0001:00000b66       __imp_load__PGPsdkUILibCleanup 46601b66     pgpsdkui:PGPsdkUI.dll
 0001:00000b72       _PGPsdkUILibCleanup        46601b72     pgpsdkui:PGPsdkUI.dll
 0001:00000b78       __imp_load__PGPPassphraseDialog 46601b78     pgpsdkui:PGPsdkUI.dll
 0001:00000b84       _PGPPassphraseDialog       46601b84     pgpsdkui:PGPsdkUI.dll
 0001:00000b8a       __imp_load__PGPOUIOutputPassphrase 46601b8a     pgpsdkui:PGPsdkUI.dll
 0001:00000b96       _PGPOUIOutputPassphrase    46601b96     pgpsdkui:PGPsdkUI.dll
 0001:00000b9c       __imp_load__PGPRecipientDialog 46601b9c     pgpsdkui:PGPsdkUI.dll
 0001:00000ba8       _PGPRecipientDialog        46601ba8     pgpsdkui:PGPsdkUI.dll
 0001:00000bae       __imp_load__PGPOUIParentWindowHandle 46601bae     pgpsdkui:PGPsdkUI.dll
 0001:00000bba       _PGPOUIParentWindowHandle  46601bba     pgpsdkui:PGPsdkUI.dll
 0001:00000bc0       __imp_load__PGPOUIWindowTitle 46601bc0     pgpsdkui:PGPsdkUI.dll
 0001:00000bcc       _PGPOUIWindowTitle         46601bcc     pgpsdkui:PGPsdkUI.dll
 0001:00000be0       __except_handler3          46601be0 f   msvcrt:MSVCRT.dll
 0001:00000be6       ___delayLoadHelper@8       46601be6 f   delayimp:delayhlp.obj
 0001:00000e04       __DELAY_IMPORT_DESCRIPTOR_PGP_SDK 46601e04     pgp_sdk:PGP_SDK.dll
 0001:00000e24       __DELAY_IMPORT_DESCRIPTOR_PGPsdkUI 46601e24     pgpsdkui:PGPsdkUI.dll
 0001:00000e44       __NULL_DELAY_IMPORT_DESCRIPTOR 46601e44     pgp_sdk:PGP_SDK.dll
 0001:00000ee0       \177PGP_SDK_NULL_THUNK_DATA_DLN 46601ee0     pgp_sdk:PGP_SDK.dll
 0001:00000f00       \177PGPsdkUI_NULL_THUNK_DATA_DLN 46601f00     pgpsdkui:PGPsdkUI.dll
 0001:000011d8       \177PGP_SDK_NULL_THUNK_DATA_DLB 466021d8     pgp_sdk:PGP_SDK.dll
 0001:00001258       \177PGPsdkUI_NULL_THUNK_DATA_DLB 46602258     pgpsdkui:PGPsdkUI.dll
 0001:00001274       __IMPORT_DESCRIPTOR_KERNEL32 46602274     kernel32:KERNEL32.dll
 0001:00001288       __IMPORT_DESCRIPTOR_USER32 46602288     user32:USER32.dll
 0001:0000129c       __IMPORT_DESCRIPTOR_MSVCRT 4660229c     msvcrt:MSVCRT.dll
 0001:000012b0       __NULL_IMPORT_DESCRIPTOR   466022b0     kernel32:KERNEL32.dll
 0002:00000000       ?szModuleName@@3PBDB       46603000     commonheaders.obj
 0002:00000004       ?szVersionStr@@3PBDB       46603004     commonheaders.obj
 0002:00000008       ??_C@_0BG@HGBA@PGPsdk?5DLL?5?$CI1?40?41?411?$CJ?$AA@ 46603008     commonheaders.obj
 0002:00000020       ??_C@_06DDFD@PGPsdk?$AA@   46603020     commonheaders.obj
 0002:00000028       ??_C@_0EB@DOFC@You?5selected?5more?5than?5one?5key?4?5@ 46603028     main.obj
 0002:0000006c       ??_C@_0BF@LLHL@Select?5Contact?8s?5Key?$AA@ 4660306c     main.obj
 0002:00000090       __imp__PGPGetErrorString   46603090     pgp_sdk:PGP_SDK.dll
 0002:00000094       __imp__PGPGetSDKVersion    46603094     pgp_sdk:PGP_SDK.dll
 0002:00000098       __imp__PGPNewContext       46603098     pgp_sdk:PGP_SDK.dll
 0002:0000009c       __imp__PGPsdkInit          4660309c     pgp_sdk:PGP_SDK.dll
 0002:000000a0       __imp__PGPsdkCleanup       466030a0     pgp_sdk:PGP_SDK.dll
 0002:000000a4       __imp__PGPFreeContext      466030a4     pgp_sdk:PGP_SDK.dll
 0002:000000a8       __imp__PGPFreeKeySet       466030a8     pgp_sdk:PGP_SDK.dll
 0002:000000ac       __imp__PGPFreeData         466030ac     pgp_sdk:PGP_SDK.dll
 0002:000000b0       __imp__PGPOpenDefaultKeyRings 466030b0     pgp_sdk:PGP_SDK.dll
 0002:000000b4       __imp__PGPFreeFilter       466030b4     pgp_sdk:PGP_SDK.dll
 0002:000000b8       __imp__PGPEncode           466030b8     pgp_sdk:PGP_SDK.dll
 0002:000000bc       __imp__PGPOInputBuffer     466030bc     pgp_sdk:PGP_SDK.dll
 0002:000000c0       __imp__PGPOArmorOutput     466030c0     pgp_sdk:PGP_SDK.dll
 0002:000000c4       __imp__PGPOAllocatedOutputBuffer 466030c4     pgp_sdk:PGP_SDK.dll
 0002:000000c8       __imp__PGPOEncryptToKeySet 466030c8     pgp_sdk:PGP_SDK.dll
 0002:000000cc       __imp__PGPOVersionString   466030cc     pgp_sdk:PGP_SDK.dll
 0002:000000d0       __imp__PGPOLastOption      466030d0     pgp_sdk:PGP_SDK.dll
 0002:000000d4       __imp__PGPFilterKeySet     466030d4     pgp_sdk:PGP_SDK.dll
 0002:000000d8       __imp__PGPNewKeyIDFilter   466030d8     pgp_sdk:PGP_SDK.dll
 0002:000000dc       __imp__PGPDecode           466030dc     pgp_sdk:PGP_SDK.dll
 0002:000000e0       __imp__PGPOKeySetRef       466030e0     pgp_sdk:PGP_SDK.dll
 0002:000000e4       __imp__PGPOPassphrase      466030e4     pgp_sdk:PGP_SDK.dll
 0002:000000e8       __imp__PGPImportKeySet     466030e8     pgp_sdk:PGP_SDK.dll
 0002:000000ec       __imp__PGPCountKeys        466030ec     pgp_sdk:PGP_SDK.dll
 0002:000000f0       __imp__PGPFreeKeyIter      466030f0     pgp_sdk:PGP_SDK.dll
 0002:000000f4       __imp__PGPFreeKeyList      466030f4     pgp_sdk:PGP_SDK.dll
 0002:000000f8       __imp__PGPGetKeyIDString   466030f8     pgp_sdk:PGP_SDK.dll
 0002:000000fc       __imp__PGPGetKeyIDFromKey  466030fc     pgp_sdk:PGP_SDK.dll
 0002:00000100       __imp__PGPKeyIterNext      46603100     pgp_sdk:PGP_SDK.dll
 0002:00000104       __imp__PGPNewKeyIter       46603104     pgp_sdk:PGP_SDK.dll
 0002:00000108       __imp__PGPOrderKeySet      46603108     pgp_sdk:PGP_SDK.dll
 0002:0000010c       \177PGP_SDK_NULL_THUNK_DATA_DLA 4660310c     pgp_sdk:PGP_SDK.dll
 0002:00000110       __imp__PGPsdkUILibCleanup  46603110     pgpsdkui:PGPsdkUI.dll
 0002:00000114       __imp__PGPPassphraseDialog 46603114     pgpsdkui:PGPsdkUI.dll
 0002:00000118       __imp__PGPOUIOutputPassphrase 46603118     pgpsdkui:PGPsdkUI.dll
 0002:0000011c       __imp__PGPRecipientDialog  4660311c     pgpsdkui:PGPsdkUI.dll
 0002:00000120       __imp__PGPOUIParentWindowHandle 46603120     pgpsdkui:PGPsdkUI.dll
 0002:00000124       __imp__PGPOUIWindowTitle   46603124     pgpsdkui:PGPsdkUI.dll
 0002:00000128       __imp__PGPsdkUILibInit     46603128     pgpsdkui:PGPsdkUI.dll
 0002:0000012c       \177PGPsdkUI_NULL_THUNK_DATA_DLA 4660312c     pgpsdkui:PGPsdkUI.dll
 0002:00000130       ?g_hInst@@3PAUHINSTANCE__@@A 46603130     commonheaders.obj
 0002:00000158       ?pgpVer@@3IA               46603158     main.obj
 0002:0000015c       ?pgpContext@@3PAUPGPContext@@A 4660315c     main.obj
 0002:00000160       ?pgpKeyDB@@3PAUPGPKeySet@@A 46603160     main.obj
 0002:00000164       ?pszPassphrase@@3PADA      46603164     main.obj
 0002:00000168       ?pgpErrMsg@@3PADA          46603168     main.obj
 0002:0000016c       __hmod__PGP_SDK            4660316c     pgp_sdk:PGP_SDK.dll
 0002:00000170       __hmod__PGPSDKUI           46603170     pgpsdkui:PGPsdkUI.dll
 0002:00000174       ___puiHead                 46603174     delayimp:delayhlp.obj
 0002:00000178       ___pfnDliFailureHook       46603178     delayimp:delayhk1.obj
 0002:0000017c       ___pfnDliNotifyHook        4660317c     delayimp:delayhk2.obj

 entry point at        0000:00000000

 Static symbols

 0001:00000ddf       ?OverlayIAT@@YGXPAU_IMAGE_THUNK_DATA32@@PBU1@@Z 46601ddf f   delayimp:delayhlp.obj
