 PGPsdkW8

 Timestamp is 45ddf360 (Thu Feb 22 22:47:44 2007)

 Preferred load address is 46800000

 Start         Length     Name                   Class
 0001:00000000 00000044H .idata$5                CODE
 0001:00000050 0000003eH .rdata                  CODE
 0001:00000090 00000dd1H .text                   CODE
 0001:00000e64 00000040H .didat$2                CODE
 0001:00000ea4 00000020H .didat$3                CODE
 0001:00000ec4 00000098H .didat$4                CODE
 0001:00000f5c 000002d0H .didat$6                CODE
 0001:0000122c 00000098H .didat$7                CODE
 0001:000012c4 00000050H .idata$2                CODE
 0001:00001314 00000014H .idata$3                CODE
 0001:00001328 00000044H .idata$4                CODE
 0001:0000136c 00000102H .idata$6                CODE
 0001:00001470 00000172H .edata                  CODE
 0002:00000000 00000130H .data                   DATA
 0002:00000130 00000098H .didat$5                DATA
 0002:000001c8 00000050H .bss                    DATA

  Address         Publics by Value              Rva+Base     Lib:Object

 0001:00000000       __imp__LocalAlloc@8        46801000     kernel32:KERNEL32.dll
 0001:00000004       __imp__LocalFree@4         46801004     kernel32:KERNEL32.dll
 0001:00000008       __imp__lstrlenA@4          46801008     kernel32:KERNEL32.dll
 0001:0000000c       __imp__GetLastError@0      4680100c     kernel32:KERNEL32.dll
 0001:00000010       __imp__RaiseException@16   46801010     kernel32:KERNEL32.dll
 0001:00000014       __imp__InterlockedExchange@8 46801014     kernel32:KERNEL32.dll
 0001:00000018       __imp__FreeLibrary@4       46801018     kernel32:KERNEL32.dll
 0001:0000001c       __imp__LoadLibraryA@4      4680101c     kernel32:KERNEL32.dll
 0001:00000020       __imp__GetProcAddress@8    46801020     kernel32:KERNEL32.dll
 0001:00000024       \177KERNEL32_NULL_THUNK_DATA 46801024     kernel32:KERNEL32.dll
 0001:00000028       __imp__memmove             46801028     msvcrt:MSVCRT.dll
 0001:0000002c       __imp___except_handler3    4680102c     msvcrt:MSVCRT.dll
 0001:00000030       \177MSVCRT_NULL_THUNK_DATA 46801030     msvcrt:MSVCRT.dll
 0001:00000034       __imp__MessageBoxA@16      46801034     user32:USER32.dll
 0001:00000038       \177USER32_NULL_THUNK_DATA 46801038     user32:USER32.dll
 0001:0000003c       __imp__GetOpenFileNameA@4  4680103c     comdlg32:comdlg32.dll
 0001:00000040       \177comdlg32_NULL_THUNK_DATA 46801040     comdlg32:comdlg32.dll
 0001:00000070       __sz_PGPsdk                46801070     pgpsdk:PGPsdk.dll
 0001:00000080       __sz_PGPsdkUI              46801080     pgpsdkui:PGPsdkUI.dll
 0001:00000090       ?ClearPGPError@@YAXXZ      46801090 f   main.obj
 0001:00000099       ?CheckPGPError@@YA_NH@Z    46801099 f   main.obj
 0001:000000c5       __pgp_init                 468010c5 f   main.obj
 0001:00000173       __pgp_done                 46801173 f   main.obj
 0001:00000226       __pgp_open_keyrings        46801226 f   main.obj
 0001:000002ac       __pgp_close_keyrings       468012ac f   main.obj
 0001:000002c7       __pgp_get_version          468012c7 f   main.obj
 0001:000002cd       __pgp_get_error            468012cd f   main.obj
 0001:000002d3       __pgp_encrypt_keydb        468012d3 f   main.obj
 0001:000003c8       __pgp_decrypt_keydb        468013c8 f   main.obj
 0001:00000514       ?_pgp_import_key@@YAHPAPAUPGPKeyDB@@PBD@Z 46801514 f   main.obj
 0001:00000552       __pgp_encrypt_key          46801552 f   main.obj
 0001:0000069b       __pgp_decrypt_key          4680169b f   main.obj
 0001:00000823       __pgp_size_keyid           46801823 f   main.obj
 0001:00000827       __pgp_select_keyid         46801827 f   main.obj
 0001:0000090a       ?ShowSelectKeyringsDlg@@YAHPAUHWND__@@PAD1@Z 4680190a f   main.obj
 0001:0000097f       ?dllmain@@YGHPAUHINSTANCE__@@KPAX@Z 4680197f f   main.obj
 0001:0000098e       __imp_load__PGPGetErrorString 4680198e     pgpsdk:PGPsdk.dll
 0001:0000099a       __tailMerge_PGPsdk         4680199a     pgpsdk:PGPsdk.dll
 0001:000009a8       _PGPGetErrorString         468019a8     pgpsdk:PGPsdk.dll
 0001:000009ae       __imp_load__PGPGetPGPsdkVersion 468019ae     pgpsdk:PGPsdk.dll
 0001:000009ba       _PGPGetPGPsdkVersion       468019ba     pgpsdk:PGPsdk.dll
 0001:000009c0       __imp_load__PGPNewContext  468019c0     pgpsdk:PGPsdk.dll
 0001:000009cc       _PGPNewContext             468019cc     pgpsdk:PGPsdk.dll
 0001:000009d2       __imp_load__PGPsdkInit     468019d2     pgpsdk:PGPsdk.dll
 0001:000009de       _PGPsdkInit                468019de     pgpsdk:PGPsdk.dll
 0001:000009e4       __imp_load__PGPsdkCleanup  468019e4     pgpsdk:PGPsdk.dll
 0001:000009f0       _PGPsdkCleanup             468019f0     pgpsdk:PGPsdk.dll
 0001:000009f6       __imp_load__PGPFreeContext 468019f6     pgpsdk:PGPsdk.dll
 0001:00000a02       _PGPFreeContext            46801a02     pgpsdk:PGPsdk.dll
 0001:00000a08       __imp_load__PGPFreeKeyDB   46801a08     pgpsdk:PGPsdk.dll
 0001:00000a14       _PGPFreeKeyDB              46801a14     pgpsdk:PGPsdk.dll
 0001:00000a1a       __imp_load__PGPFreeData    46801a1a     pgpsdk:PGPsdk.dll
 0001:00000a26       _PGPFreeData               46801a26     pgpsdk:PGPsdk.dll
 0001:00000a2c       __imp_load__PGPFreeFileSpec 46801a2c     pgpsdk:PGPsdk.dll
 0001:00000a38       _PGPFreeFileSpec           46801a38     pgpsdk:PGPsdk.dll
 0001:00000a3e       __imp_load__PGPOpenKeyDBFile 46801a3e     pgpsdk:PGPsdk.dll
 0001:00000a4a       _PGPOpenKeyDBFile          46801a4a     pgpsdk:PGPsdk.dll
 0001:00000a50       __imp_load__PGPNewFileSpecFromFullPath 46801a50     pgpsdk:PGPsdk.dll
 0001:00000a5c       _PGPNewFileSpecFromFullPath 46801a5c     pgpsdk:PGPsdk.dll
 0001:00000a62       __imp_load__PGPEncode      46801a62     pgpsdk:PGPsdk.dll
 0001:00000a6e       _PGPEncode                 46801a6e     pgpsdk:PGPsdk.dll
 0001:00000a74       __imp_load__PGPOInputBuffer 46801a74     pgpsdk:PGPsdk.dll
 0001:00000a80       _PGPOInputBuffer           46801a80     pgpsdk:PGPsdk.dll
 0001:00000a86       __imp_load__PGPOArmorOutput 46801a86     pgpsdk:PGPsdk.dll
 0001:00000a92       _PGPOArmorOutput           46801a92     pgpsdk:PGPsdk.dll
 0001:00000a98       __imp_load__PGPOAllocatedOutputBuffer 46801a98     pgpsdk:PGPsdk.dll
 0001:00000aa4       _PGPOAllocatedOutputBuffer 46801aa4     pgpsdk:PGPsdk.dll
 0001:00000aaa       __imp_load__PGPOEncryptToKeyDBObj 46801aaa     pgpsdk:PGPsdk.dll
 0001:00000ab6       _PGPOEncryptToKeyDBObj     46801ab6     pgpsdk:PGPsdk.dll
 0001:00000abc       __imp_load__PGPOVersionString 46801abc     pgpsdk:PGPsdk.dll
 0001:00000ac8       _PGPOVersionString         46801ac8     pgpsdk:PGPsdk.dll
 0001:00000ace       __imp_load__PGPOLastOption 46801ace     pgpsdk:PGPsdk.dll
 0001:00000ada       _PGPOLastOption            46801ada     pgpsdk:PGPsdk.dll
 0001:00000ae0       __imp_load__PGPFindKeyByKeyID 46801ae0     pgpsdk:PGPsdk.dll
 0001:00000aec       _PGPFindKeyByKeyID         46801aec     pgpsdk:PGPsdk.dll
 0001:00000af2       __imp_load__PGPDecode      46801af2     pgpsdk:PGPsdk.dll
 0001:00000afe       _PGPDecode                 46801afe     pgpsdk:PGPsdk.dll
 0001:00000b04       __imp_load__PGPOKeyDBRef   46801b04     pgpsdk:PGPsdk.dll
 0001:00000b10       _PGPOKeyDBRef              46801b10     pgpsdk:PGPsdk.dll
 0001:00000b16       __imp_load__PGPOPassphrase 46801b16     pgpsdk:PGPsdk.dll
 0001:00000b22       _PGPOPassphrase            46801b22     pgpsdk:PGPsdk.dll
 0001:00000b28       __imp_load__PGPImport      46801b28     pgpsdk:PGPsdk.dll
 0001:00000b34       _PGPImport                 46801b34     pgpsdk:PGPsdk.dll
 0001:00000b3a       __imp_load__PGPFreeKeyIter 46801b3a     pgpsdk:PGPsdk.dll
 0001:00000b46       _PGPFreeKeyIter            46801b46     pgpsdk:PGPsdk.dll
 0001:00000b4c       __imp_load__PGPCountKeysInKeyDB 46801b4c     pgpsdk:PGPsdk.dll
 0001:00000b58       _PGPCountKeysInKeyDB       46801b58     pgpsdk:PGPsdk.dll
 0001:00000b5e       __imp_load__PGPKeyIterNextKeyDBObj 46801b5e     pgpsdk:PGPsdk.dll
 0001:00000b6a       _PGPKeyIterNextKeyDBObj    46801b6a     pgpsdk:PGPsdk.dll
 0001:00000b70       __imp_load__PGPNewKeyIterFromKeyDB 46801b70     pgpsdk:PGPsdk.dll
 0001:00000b7c       _PGPNewKeyIterFromKeyDB    46801b7c     pgpsdk:PGPsdk.dll
 0001:00000b82       __imp_load__PGPGetKeyIDString 46801b82     pgpsdk:PGPsdk.dll
 0001:00000b8e       _PGPGetKeyIDString         46801b8e     pgpsdk:PGPsdk.dll
 0001:00000b94       __imp_load__PGPGetKeyDBObjDataProperty 46801b94     pgpsdk:PGPsdk.dll
 0001:00000ba0       _PGPGetKeyDBObjDataProperty 46801ba0     pgpsdk:PGPsdk.dll
 0001:00000ba6       __imp_load__PGPsdkUILibInit 46801ba6     pgpsdkui:PGPsdkUI.dll
 0001:00000bb2       __tailMerge_PGPsdkUI       46801bb2     pgpsdkui:PGPsdkUI.dll
 0001:00000bc0       _PGPsdkUILibInit           46801bc0     pgpsdkui:PGPsdkUI.dll
 0001:00000bc6       __imp_load__PGPsdkUILibCleanup 46801bc6     pgpsdkui:PGPsdkUI.dll
 0001:00000bd2       _PGPsdkUILibCleanup        46801bd2     pgpsdkui:PGPsdkUI.dll
 0001:00000bd8       __imp_load__PGPPassphraseDialog 46801bd8     pgpsdkui:PGPsdkUI.dll
 0001:00000be4       _PGPPassphraseDialog       46801be4     pgpsdkui:PGPsdkUI.dll
 0001:00000bea       __imp_load__PGPOUIOutputPassphrase 46801bea     pgpsdkui:PGPsdkUI.dll
 0001:00000bf6       _PGPOUIOutputPassphrase    46801bf6     pgpsdkui:PGPsdkUI.dll
 0001:00000bfc       __imp_load__PGPRecipientDialog 46801bfc     pgpsdkui:PGPsdkUI.dll
 0001:00000c08       _PGPRecipientDialog        46801c08     pgpsdkui:PGPsdkUI.dll
 0001:00000c0e       __imp_load__PGPOUIParentWindowHandle 46801c0e     pgpsdkui:PGPsdkUI.dll
 0001:00000c1a       _PGPOUIParentWindowHandle  46801c1a     pgpsdkui:PGPsdkUI.dll
 0001:00000c20       __imp_load__PGPOUIWindowTitle 46801c20     pgpsdkui:PGPsdkUI.dll
 0001:00000c2c       _PGPOUIWindowTitle         46801c2c     pgpsdkui:PGPsdkUI.dll
 0001:00000c32       _GetOpenFileNameA@4        46801c32 f   comdlg32:comdlg32.dll
 0001:00000c40       __except_handler3          46801c40 f   msvcrt:MSVCRT.dll
 0001:00000c46       ___delayLoadHelper@8       46801c46 f   delayimp:delayhlp.obj
 0001:00000e64       __DELAY_IMPORT_DESCRIPTOR_PGPsdk 46801e64     pgpsdk:PGPsdk.dll
 0001:00000e84       __DELAY_IMPORT_DESCRIPTOR_PGPsdkUI 46801e84     pgpsdkui:PGPsdkUI.dll
 0001:00000ea4       __NULL_DELAY_IMPORT_DESCRIPTOR 46801ea4     pgpsdk:PGPsdk.dll
 0001:00000f38       \177PGPsdk_NULL_THUNK_DATA_DLN 46801f38     pgpsdk:PGPsdk.dll
 0001:00000f58       \177PGPsdkUI_NULL_THUNK_DATA_DLN 46801f58     pgpsdkui:PGPsdkUI.dll
 0001:00001230       \177PGPsdk_NULL_THUNK_DATA_DLB 46802230     pgpsdk:PGPsdk.dll
 0001:000012a8       \177PGPsdkUI_NULL_THUNK_DATA_DLB 468022a8     pgpsdkui:PGPsdkUI.dll
 0001:000012c4       __IMPORT_DESCRIPTOR_KERNEL32 468022c4     kernel32:KERNEL32.dll
 0001:000012d8       __IMPORT_DESCRIPTOR_USER32 468022d8     user32:USER32.dll
 0001:000012ec       __IMPORT_DESCRIPTOR_comdlg32 468022ec     comdlg32:comdlg32.dll
 0001:00001300       __IMPORT_DESCRIPTOR_MSVCRT 46802300     msvcrt:MSVCRT.dll
 0001:00001314       __NULL_IMPORT_DESCRIPTOR   46802314     kernel32:KERNEL32.dll
 0002:00000000       ?szModuleName@@3PBDB       46803000     commonheaders.obj
 0002:00000004       ?szVersionStr@@3PBDB       46803004     commonheaders.obj
 0002:00000008       ??_C@_0BG@HGBA@PGPsdk?5DLL?5?$CI1?40?41?411?$CJ?$AA@ 46803008     commonheaders.obj
 0002:00000020       ??_C@_06DDFD@PGPsdk?$AA@   46803020     commonheaders.obj
 0002:00000028       ??_C@_0EB@DOFC@You?5selected?5more?5than?5one?5key?4?5@ 46803028     main.obj
 0002:0000006c       ??_C@_0BF@LLHL@Select?5Contact?8s?5Key?$AA@ 4680306c     main.obj
 0002:00000084       ??_C@_0BE@KDOJ@Open?5Secret?5Keyring?$AA@ 46803084     main.obj
 0002:00000098       ??_C@_0EA@KJFM@Secret?5key?5rings?5?$CIsecring?4skr?$CJ?$AAs@ 46803098     main.obj
 0002:000000d8       ??_C@_0BE@JBON@Open?5Public?5Keyring?$AA@ 468030d8     main.obj
 0002:000000f0       ??_C@_0EA@CLAC@Public?5key?5rings?5?$CIpubring?4pkr?$CJ?$AAp@ 468030f0     main.obj
 0002:00000130       __imp__PGPGetErrorString   46803130     pgpsdk:PGPsdk.dll
 0002:00000134       __imp__PGPGetPGPsdkVersion 46803134     pgpsdk:PGPsdk.dll
 0002:00000138       __imp__PGPNewContext       46803138     pgpsdk:PGPsdk.dll
 0002:0000013c       __imp__PGPsdkInit          4680313c     pgpsdk:PGPsdk.dll
 0002:00000140       __imp__PGPsdkCleanup       46803140     pgpsdk:PGPsdk.dll
 0002:00000144       __imp__PGPFreeContext      46803144     pgpsdk:PGPsdk.dll
 0002:00000148       __imp__PGPFreeKeyDB        46803148     pgpsdk:PGPsdk.dll
 0002:0000014c       __imp__PGPFreeData         4680314c     pgpsdk:PGPsdk.dll
 0002:00000150       __imp__PGPFreeFileSpec     46803150     pgpsdk:PGPsdk.dll
 0002:00000154       __imp__PGPOpenKeyDBFile    46803154     pgpsdk:PGPsdk.dll
 0002:00000158       __imp__PGPNewFileSpecFromFullPath 46803158     pgpsdk:PGPsdk.dll
 0002:0000015c       __imp__PGPEncode           4680315c     pgpsdk:PGPsdk.dll
 0002:00000160       __imp__PGPOInputBuffer     46803160     pgpsdk:PGPsdk.dll
 0002:00000164       __imp__PGPOArmorOutput     46803164     pgpsdk:PGPsdk.dll
 0002:00000168       __imp__PGPOAllocatedOutputBuffer 46803168     pgpsdk:PGPsdk.dll
 0002:0000016c       __imp__PGPOEncryptToKeyDBObj 4680316c     pgpsdk:PGPsdk.dll
 0002:00000170       __imp__PGPOVersionString   46803170     pgpsdk:PGPsdk.dll
 0002:00000174       __imp__PGPOLastOption      46803174     pgpsdk:PGPsdk.dll
 0002:00000178       __imp__PGPFindKeyByKeyID   46803178     pgpsdk:PGPsdk.dll
 0002:0000017c       __imp__PGPDecode           4680317c     pgpsdk:PGPsdk.dll
 0002:00000180       __imp__PGPOKeyDBRef        46803180     pgpsdk:PGPsdk.dll
 0002:00000184       __imp__PGPOPassphrase      46803184     pgpsdk:PGPsdk.dll
 0002:00000188       __imp__PGPImport           46803188     pgpsdk:PGPsdk.dll
 0002:0000018c       __imp__PGPFreeKeyIter      4680318c     pgpsdk:PGPsdk.dll
 0002:00000190       __imp__PGPCountKeysInKeyDB 46803190     pgpsdk:PGPsdk.dll
 0002:00000194       __imp__PGPKeyIterNextKeyDBObj 46803194     pgpsdk:PGPsdk.dll
 0002:00000198       __imp__PGPNewKeyIterFromKeyDB 46803198     pgpsdk:PGPsdk.dll
 0002:0000019c       __imp__PGPGetKeyIDString   4680319c     pgpsdk:PGPsdk.dll
 0002:000001a0       __imp__PGPGetKeyDBObjDataProperty 468031a0     pgpsdk:PGPsdk.dll
 0002:000001a4       \177PGPsdk_NULL_THUNK_DATA_DLA 468031a4     pgpsdk:PGPsdk.dll
 0002:000001a8       __imp__PGPsdkUILibCleanup  468031a8     pgpsdkui:PGPsdkUI.dll
 0002:000001ac       __imp__PGPPassphraseDialog 468031ac     pgpsdkui:PGPsdkUI.dll
 0002:000001b0       __imp__PGPOUIOutputPassphrase 468031b0     pgpsdkui:PGPsdkUI.dll
 0002:000001b4       __imp__PGPRecipientDialog  468031b4     pgpsdkui:PGPsdkUI.dll
 0002:000001b8       __imp__PGPOUIParentWindowHandle 468031b8     pgpsdkui:PGPsdkUI.dll
 0002:000001bc       __imp__PGPOUIWindowTitle   468031bc     pgpsdkui:PGPsdkUI.dll
 0002:000001c0       __imp__PGPsdkUILibInit     468031c0     pgpsdkui:PGPsdkUI.dll
 0002:000001c4       \177PGPsdkUI_NULL_THUNK_DATA_DLA 468031c4     pgpsdkui:PGPsdkUI.dll
 0002:000001c8       ?g_hInst@@3PAUHINSTANCE__@@A 468031c8     commonheaders.obj
 0002:000001f0       ?pgpVer@@3IA               468031f0     main.obj
 0002:000001f4       ?pgpContext@@3PAUPGPContext@@A 468031f4     main.obj
 0002:000001f8       ?pgpKeyDB@@3PAUPGPKeyDB@@A 468031f8     main.obj
 0002:000001fc       ?pszPassphrase@@3PADA      468031fc     main.obj
 0002:00000200       ?pgpErrMsg@@3PADA          46803200     main.obj
 0002:00000204       __hmod__PGPSDK             46803204     pgpsdk:PGPsdk.dll
 0002:00000208       __hmod__PGPSDKUI           46803208     pgpsdkui:PGPsdkUI.dll
 0002:0000020c       ___puiHead                 4680320c     delayimp:delayhlp.obj
 0002:00000210       ___pfnDliFailureHook       46803210     delayimp:delayhk1.obj
 0002:00000214       ___pfnDliNotifyHook        46803214     delayimp:delayhk2.obj

 entry point at        0000:00000000

 Static symbols

 0001:00000e3f       ?OverlayIAT@@YGXPAU_IMAGE_THUNK_DATA32@@PBU1@@Z 46801e3f f   delayimp:delayhlp.obj
