 zlibwapi

 Timestamp is 56dd9cc4 (Mon Mar  7 18:22:44 2016)

 Preferred load address is 10000000

 Start         Length     Name                   Class
 0001:00000000 000102c4H .text$mn                CODE
 0002:00000000 0000011cH .idata$5                DATA
 0002:0000011c 00000004H .00cfg                  DATA
 0002:00000120 00000004H .CRT$XCA                DATA
 0002:00000124 00000004H .CRT$XCZ                DATA
 0002:00000128 00000004H .CRT$XIA                DATA
 0002:0000012c 00000004H .CRT$XIZ                DATA
 0002:00000130 00000004H .CRT$XPA                DATA
 0002:00000134 00000004H .CRT$XPZ                DATA
 0002:00000138 00000004H .CRT$XTA                DATA
 0002:0000013c 00000004H .CRT$XTZ                DATA
 0002:00000140 000041dcH .rdata                  DATA
 0002:00004320 00000004H .rdata$sxdata           DATA
 0002:00004324 000002d0H .rdata$zzzdbg           DATA
 0002:000045f4 00000004H .rtc$IAA                DATA
 0002:000045f8 00000004H .rtc$IZZ                DATA
 0002:000045fc 00000004H .rtc$TAA                DATA
 0002:00004600 00000004H .rtc$TZZ                DATA
 0002:00004608 0000007cH .xdata$x                DATA
 0002:00004690 00000c44H .edata                  DATA
 0002:000052d4 000000a0H .idata$2                DATA
 0002:00005374 00000014H .idata$3                DATA
 0002:00005388 0000011cH .idata$4                DATA
 0002:000054a4 0000050aH .idata$6                DATA
 0003:00000000 00000060H .data                   DATA
 0003:00000060 00000388H .bss                    DATA
 0004:00000000 0000001cH .gfids$y                DATA
 0005:00000000 00000058H .rsrc$01                DATA
 0005:00000060 00000338H .rsrc$02                DATA

  Address         Publics by Value              Rva+Base       Lib:Object

 0000:00000000       ___guard_iat_count         00000000     <absolute>
 0000:00000000       ___guard_fids_table        00000000     <absolute>
 0000:00000000       ___guard_longjmp_count     00000000     <absolute>
 0000:00000000       ___guard_iat_table         00000000     <absolute>
 0000:00000000       ___guard_longjmp_table     00000000     <absolute>
 0000:00000000       ___guard_fids_count        00000000     <absolute>
 0000:00000001       ___safe_se_handler_count   00000001     <absolute>
 0000:00000100       ___guard_flags             00000100     <absolute>
 0000:00000000       ___ImageBase               10000000     <linker-defined>
 0001:00000000       _adler32@12                10001000 f   adler32.obj
 0001:00000340       _adler32_combine@12        10001340 f   adler32.obj
 0001:00000360       _compress2@20              10001360 f   compress.obj
 0001:00000410       _compress@16               10001410 f   compress.obj
 0001:00000430       _compressBound@4           10001430 f   compress.obj
 0001:00000450       _get_crc_table@0           10001450 f   crc32.obj
 0001:00000460       _crc32@12                  10001460 f   crc32.obj
 0001:00000b50       _crc32_combine@12          10001b50 f   crc32.obj
 0001:00000b70       _deflateInit_@16           10001b70 f   deflate.obj
 0001:00000b90       _deflateInit2_@32          10001b90 f   deflate.obj
 0001:00000dc0       _deflateSetDictionary@12   10001dc0 f   deflate.obj
 0001:00000f60       _deflateResetKeep@4        10001f60 f   deflate.obj
 0001:00001010       _deflateReset@4            10002010 f   deflate.obj
 0001:00001040       _deflateSetHeader@8        10002040 f   deflate.obj
 0001:00001070       _deflatePending@12         10002070 f   deflate.obj
 0001:000010b0       _deflatePrime@12           100020b0 f   deflate.obj
 0001:00001140       _deflateParams@12          10002140 f   deflate.obj
 0001:00001240       _deflateTune@20            10002240 f   deflate.obj
 0001:00001290       _deflateBound@8            10002290 f   deflate.obj
 0001:00001400       _deflate@8                 10002400 f   deflate.obj
 0001:00001c70       _deflateEnd@4              10002c70 f   deflate.obj
 0001:00001d50       _deflateCopy@8             10002d50 f   deflate.obj
 0001:00003010       _gzclose@4                 10004010 f   gzclose.obj
 0001:00003040       ___local_stdio_printf_options 10004040 f i gzlib.obj
 0001:00003050       __vsnprintf_l              10004050 f i gzlib.obj
 0001:00003080       __vsnprintf                10004080 f i gzlib.obj
 0001:000030b0       __snprintf                 100040b0 f i gzlib.obj
 0001:00003450       _gzopen@8                  10004450 f   gzlib.obj
 0001:00003470       _gzdopen@8                 10004470 f   gzlib.obj
 0001:000034d0       _gzopen_w@8                100044d0 f   gzlib.obj
 0001:000034f0       _gzbuffer@8                100044f0 f   gzlib.obj
 0001:00003530       _gzrewind@4                10004530 f   gzlib.obj
 0001:00003590       _gzseek64@16               10004590 f   gzlib.obj
 0001:00003720       _gzseek@12                 10004720 f   gzlib.obj
 0001:00003760       _gztell64@4                10004760 f   gzlib.obj
 0001:000037c0       _gztell@4                  100047c0 f   gzlib.obj
 0001:000037f0       _gzoffset64@4              100047f0 f   gzlib.obj
 0001:00003840       _gzoffset@4                10004840 f   gzlib.obj
 0001:00003870       _gzeof@4                   10004870 f   gzlib.obj
 0001:000038b0       _gzerror@8                 100048b0 f   gzlib.obj
 0001:00003900       _gzclearerr@4              10004900 f   gzlib.obj
 0001:00003940       _gz_error                  10004940 f   gzlib.obj
 0001:00003e90       _gzread@12                 10004e90 f   gzread.obj
 0001:00003fe0       _gzgetc@4                  10004fe0 f   gzread.obj
 0001:00004040       _gzgetc_@4                 10005040 f   gzread.obj
 0001:00004050       _gzungetc@8                10005050 f   gzread.obj
 0001:00004130       _gzgets@12                 10005130 f   gzread.obj
 0001:00004240       _gzdirect@4                10005240 f   gzread.obj
 0001:00004280       _gzclose_r@4               10005280 f   gzread.obj
 0001:00004310       _vsnprintf                 10005310 f i gzwrite.obj
 0001:00004620       _gzwrite@12                10005620 f   gzwrite.obj
 0001:00004740       _gzputc@8                  10005740 f   gzwrite.obj
 0001:000047f0       _gzputs@8                  100057f0 f   gzwrite.obj
 0001:00004830       _gzvprintf                 10005830 f   gzwrite.obj
 0001:00004910       _gzprintf                  10005910 f   gzwrite.obj
 0001:00004930       _gzflush@8                 10005930 f   gzwrite.obj
 0001:000049a0       _gzsetparams@12            100059a0 f   gzwrite.obj
 0001:00004a50       _gzclose_w@4               10005a50 f   gzwrite.obj
 0001:00004b10       _inflateBackInit_@20       10005b10 f   infback.obj
 0001:00004c10       _inflateBack@20            10005c10 f   infback.obj
 0001:00005a10       _inflateBackEnd@4          10006a10 f   infback.obj
 0001:00005a50       _inflate_fast              10006a50 f   inffast.obj
 0001:00005e80       _inflateResetKeep@4        10006e80 f   inflate.obj
 0001:00005f30       _inflateReset@4            10006f30 f   inflate.obj
 0001:00005f70       _inflateReset2@8           10006f70 f   inflate.obj
 0001:00006000       _inflateInit2_@16          10007000 f   inflate.obj
 0001:000060c0       _inflateInit_@12           100070c0 f   inflate.obj
 0001:000060e0       _inflatePrime@12           100070e0 f   inflate.obj
 0001:00006270       _inflate@8                 10007270 f   inflate.obj
 0001:00007940       _inflateEnd@4              10008940 f   inflate.obj
 0001:00007990       _inflateGetDictionary@12   10008990 f   inflate.obj
 0001:00007a00       _inflateSetDictionary@12   10008a00 f   inflate.obj
 0001:00007aa0       _inflateGetHeader@8        10008aa0 f   inflate.obj
 0001:00007b60       _inflateSync@4             10008b60 f   inflate.obj
 0001:00007c50       _inflateSyncPoint@4        10008c50 f   inflate.obj
 0001:00007c90       _inflateCopy@8             10008c90 f   inflate.obj
 0001:00007df0       _inflateUndermine@8        10008df0 f   inflate.obj
 0001:00007e20       _inflateMark@4             10008e20 f   inflate.obj
 0001:00007e90       _inflate_table             10008e90 f   inftrees.obj
 0001:000082a0       _call_zopen64              100092a0 f   ioapi.obj
 0001:000082c0       _call_zseek64              100092c0 f   ioapi.obj
 0001:00008320       _call_ztell64              10009320 f   ioapi.obj
 0001:00008350       _fill_zlib_filefunc64_32_def_from_filefunc32 10009350 f   ioapi.obj
 0001:000085a0       _fill_fopen64_filefunc     100095a0 f   ioapi.obj
 0001:00008690       _win32_open64_file_func    10009690 f   iowin32.obj
 0001:00008700       _win32_open64_file_funcA   10009700 f   iowin32.obj
 0001:00008770       _win32_open64_file_funcW   10009770 f   iowin32.obj
 0001:000087c0       _win32_open_file_func      100097c0 f   iowin32.obj
 0001:00008830       _win32_read_file_func      10009830 f   iowin32.obj
 0001:00008880       _win32_write_file_func     10009880 f   iowin32.obj
 0001:000088f0       _win32_tell_file_func      100098f0 f   iowin32.obj
 0001:00008950       _win32_tell64_file_func    10009950 f   iowin32.obj
 0001:000089b0       _win32_seek_file_func      100099b0 f   iowin32.obj
 0001:00008a30       _win32_seek64_file_func    10009a30 f   iowin32.obj
 0001:00008aa0       _win32_close_file_func     10009aa0 f   iowin32.obj
 0001:00008ad0       _win32_error_file_func     10009ad0 f   iowin32.obj
 0001:00008af0       _fill_win32_filefunc       10009af0 f   iowin32.obj
 0001:00008b30       _fill_win32_filefunc64     10009b30 f   iowin32.obj
 0001:00008b70       _fill_win32_filefunc64A    10009b70 f   iowin32.obj
 0001:00008bb0       _fill_win32_filefunc64W    10009bb0 f   iowin32.obj
 0001:00008c00       __tr_init                  10009c00 f   trees.obj
 0001:00009b90       __tr_stored_block          1000ab90 f   trees.obj
 0001:00009c40       __tr_flush_bits            1000ac40 f   trees.obj
 0001:00009c50       __tr_align                 1000ac50 f   trees.obj
 0001:00009d40       __tr_flush_block           1000ad40 f   trees.obj
 0001:0000a530       _uncompress@16             1000b530 f   uncompr.obj
 0001:0000a910       _unzStringFileNameCompare@12 1000b910 f   unzip.obj
 0001:0000b1c0       _unzOpen2@8                1000c1c0 f   unzip.obj
 0001:0000b210       _unzOpen2_64@8             1000c210 f   unzip.obj
 0001:0000b270       _unzOpen@4                 1000c270 f   unzip.obj
 0001:0000b290       _unzOpen64@4               1000c290 f   unzip.obj
 0001:0000b2b0       _unzClose@4                1000c2b0 f   unzip.obj
 0001:0000b2f0       _unzGetGlobalInfo64@8      1000c2f0 f   unzip.obj
 0001:0000b320       _unzGetGlobalInfo@8        1000c320 f   unzip.obj
 0001:0000b990       _unzGetCurrentFileInfo64@32 1000c990 f   unzip.obj
 0001:0000b9c0       _unzGetCurrentFileInfo@32  1000c9c0 f   unzip.obj
 0001:0000ba80       _unzGoToFirstFile@4        1000ca80 f   unzip.obj
 0001:0000baf0       _unzGoToNextFile@4         1000caf0 f   unzip.obj
 0001:0000bba0       _unzLocateFile@12          1000cba0 f   unzip.obj
 0001:0000bd50       _unzGetFilePos64@8         1000cd50 f   unzip.obj
 0001:0000bda0       _unzGetFilePos@8           1000cda0 f   unzip.obj
 0001:0000bdd0       _unzGoToFilePos64@8        1000cdd0 f   unzip.obj
 0001:0000be40       _unzGoToFilePos@8          1000ce40 f   unzip.obj
 0001:0000c0e0       _unzOpenCurrentFile3@20    1000d0e0 f   unzip.obj
 0001:0000c350       _unzOpenCurrentFile@4      1000d350 f   unzip.obj
 0001:0000c370       _unzOpenCurrentFilePassword@8 1000d370 f   unzip.obj
 0001:0000c390       _unzOpenCurrentFile2@16    1000d390 f   unzip.obj
 0001:0000c3b0       _unzGetCurrentFileZStreamPos64@4 1000d3b0 f   unzip.obj
 0001:0000c3f0       _unzReadCurrentFile@12     1000d3f0 f   unzip.obj
 0001:0000c6b0       _unztell@4                 1000d6b0 f   unzip.obj
 0001:0000c6e0       _unztell64@4               1000d6e0 f   unzip.obj
 0001:0000c710       _unzeof@4                  1000d710 f   unzip.obj
 0001:0000c750       _unzGetLocalExtrafield@12  1000d750 f   unzip.obj
 0001:0000c820       _unzCloseCurrentFile@4     1000d820 f   unzip.obj
 0001:0000c8c0       _unzGetGlobalComment@12    1000d8c0 f   unzip.obj
 0001:0000d4c0       _LoadCentralDirectoryRecord 1000e4c0 f   zip.obj
 0001:0000d970       _zipOpen3@16               1000e970 f   zip.obj
 0001:0000dae0       _zipOpen2@16               1000eae0 f   zip.obj
 0001:0000db30       _zipOpen2_64@16            1000eb30 f   zip.obj
 0001:0000db90       _zipOpen@8                 1000eb90 f   zip.obj
 0001:0000dbb0       _zipOpen64@8               1000ebb0 f   zip.obj
 0001:0000dbd0       _Write_LocalFileHeader     1000ebd0 f   zip.obj
 0001:0000dde0       _zipOpenNewFileInZip4_64@76 1000ede0 f   zip.obj
 0001:0000e2c0       _zipOpenNewFileInZip3@64   1000f2c0 f   zip.obj
 0001:0000e310       _zipOpenNewFileInZip3_64@68 1000f310 f   zip.obj
 0001:0000e360       _zipOpenNewFileInZip2@44   1000f360 f   zip.obj
 0001:0000e3a0       _zipOpenNewFileInZip2_64@48 1000f3a0 f   zip.obj
 0001:0000e3e0       _zipOpenNewFileInZip64@44  1000f3e0 f   zip.obj
 0001:0000e420       _zipOpenNewFileInZip@40    1000f420 f   zip.obj
 0001:0000e520       _zipWriteInFileInZip@12    1000f520 f   zip.obj
 0001:0000e620       _zipCloseFileInZipRaw@12   1000f620 f   zip.obj
 0001:0000e640       _zipCloseFileInZipRaw64@16 1000f640 f   zip.obj
 0001:0000eb30       _zipCloseFileInZip@4       1000fb30 f   zip.obj
 0001:0000eb50       _Write_Zip64EndOfCentralDirectoryLocator 1000fb50 f   zip.obj
 0001:0000ebd0       _Write_Zip64EndOfCentralDirectoryRecord 1000fbd0 f   zip.obj
 0001:0000ecf0       _Write_EndOfCentralDirectoryRecord 1000fcf0 f   zip.obj
 0001:0000ee30       _Write_GlobalComment       1000fe30 f   zip.obj
 0001:0000eea0       _zipClose@8                1000fea0 f   zip.obj
 0001:0000f030       _zlibVersion@0             10010030 f   zutil.obj
 0001:0000f040       _zlibCompileFlags@0        10010040 f   zutil.obj
 0001:0000f050       _zError@4                  10010050 f   zutil.obj
 0001:0000f070       _zcalloc                   10010070 f   zutil.obj
 0001:0000f090       _zcfree                    10010090 f   zutil.obj
 0001:0000f0a2       _ReadFile@20               100100a2 f   kernel32:KERNEL32.dll
 0001:0000f0a8       _WriteFile@20              100100a8 f   kernel32:KERNEL32.dll
 0001:0000f0ae       _CreateFile2@20            100100ae f   kernel32:KERNEL32.dll
 0001:0000f0b4       _MultiByteToWideChar@24    100100b4 f   kernel32:KERNEL32.dll
 0001:0000f0ba       _GetLastError@0            100100ba f   kernel32:KERNEL32.dll
 0001:0000f0c0       _CloseHandle@4             100100c0 f   kernel32:KERNEL32.dll
 0001:0000f0c6       _SetFilePointerEx@20       100100c6 f   kernel32:KERNEL32.dll
 0001:0000f3e1       __CRT_INIT@12              100103e1 f   MSVCRT:dll_dllmain.obj
 0001:0000f3ea       __DllMainCRTStartup@12     100103ea f   MSVCRT:dll_dllmain.obj
 0001:0000f40d       ??$__crt_fast_decode_pointer@PAP6AXXZ@@YAPAP6AXXZQAP6AXXZ@Z 1001040d f i MSVCRT:utility.obj
 0001:0000f421       ??$__crt_fast_encode_pointer@PAP6AXXZ@@YAPAP6AXXZQAP6AXXZ@Z 10010421 f i MSVCRT:utility.obj
 0001:0000f43e       ?__crt_rotate_pointer_value@@YAIIH@Z 1001043e f i MSVCRT:utility.obj
 0001:0000f4c2       _NtCurrentTeb              100104c2 f i MSVCRT:utility.obj
 0001:0000f4c9       ___scrt_acquire_startup_lock 100104c9 f   MSVCRT:utility.obj
 0001:0000f4fe       ___scrt_dllmain_after_initialize_c 100104fe f   MSVCRT:utility.obj
 0001:0000f516       ___scrt_dllmain_before_initialize_c 10010516 f   MSVCRT:utility.obj
 0001:0000f524       ___scrt_dllmain_crt_thread_attach 10010524 f   MSVCRT:utility.obj
 0001:0000f543       ___scrt_dllmain_crt_thread_detach 10010543 f   MSVCRT:utility.obj
 0001:0000f550       ___scrt_dllmain_exception_filter 10010550 f   MSVCRT:utility.obj
 0001:0000f583       ___scrt_dllmain_uninitialize_c 10010583 f   MSVCRT:utility.obj
 0001:0000f5a6       ___scrt_dllmain_uninitialize_critical 100105a6 f   MSVCRT:utility.obj
 0001:0000f5b3       ___scrt_initialize_crt     100105b3 f   MSVCRT:utility.obj
 0001:0000f5ec       ___scrt_initialize_onexit_tables 100105ec f   MSVCRT:utility.obj
 0001:0000f683       ___scrt_is_nonwritable_in_current_image 10010683 f   MSVCRT:utility.obj
 0001:0000f710       ___scrt_release_startup_lock 10010710 f   MSVCRT:utility.obj
 0001:0000f72d       ___scrt_uninitialize_crt   1001072d f   MSVCRT:utility.obj
 0001:0000f755       __onexit                   10010755 f   MSVCRT:utility.obj
 0001:0000f790       _at_quick_exit             10010790 f   MSVCRT:utility.obj
 0001:0000f7c1       _atexit                    100107c1 f   MSVCRT:utility.obj
 0001:0000f7d6       ___security_init_cookie    100107d6 f   MSVCRT:gs_support.obj
 0001:0000f872       _DllMain@12                10010872 f   MSVCRT:dll_dllmain_stub.obj
 0001:0000f894       ?__scrt_initialize_type_info@@YAXXZ 10010894 f   MSVCRT:tncleanup.obj
 0001:0000f8a0       ?__scrt_uninitialize_type_info@@YAXXZ 100108a0 f   MSVCRT:tncleanup.obj
 0001:0000f8ac       ___local_stdio_scanf_options 100108ac f i MSVCRT:default_local_stdio_options.obj
 0001:0000f8b2       ___scrt_initialize_default_local_stdio_options 100108b2 f   MSVCRT:default_local_stdio_options.obj
 0001:0000f8cf       ___scrt_get_dyn_tls_init_callback 100108cf f   MSVCRT:dyn_tls_init.obj
 0001:0000f8d5       ___scrt_fastfail           100108d5 f   MSVCRT:utility_desktop.obj
 0001:0000f9f0       ___scrt_get_show_window_mode 100109f0 f   MSVCRT:utility_desktop.obj
 0001:0000fa23       ___scrt_initialize_winrt   10010a23 f   MSVCRT:utility_desktop.obj
 0001:0000fa26       ___scrt_is_managed_app     10010a26 f   MSVCRT:utility_desktop.obj
 0001:0000fa6a       ___scrt_set_unhandled_exception_filter 10010a6a f   MSVCRT:utility_desktop.obj
 0001:0000fa76       ___scrt_unhandled_exception_filter@4 10010a76 f   MSVCRT:utility_desktop.obj
 0001:0000fab7       __crt_debugger_hook        10010ab7 f   MSVCRT:utility_desktop.obj
 0001:0000fabf       __RTC_Initialize           10010abf f   MSVCRT:_initsect_.obj
 0001:0000faea       __RTC_Terminate            10010aea f   MSVCRT:_initsect_.obj
 0001:0000fb15       @_guard_check_icall@4      10010b15 f i MSVCRT:checkcfg.obj
 0001:0000fb20       __SEH_prolog4              10010b20 f   MSVCRT:_sehprolg4_.obj
 0001:0000fb66       __SEH_epilog4              10010b66 f   MSVCRT:_sehprolg4_.obj
 0001:0000fb7b       __except_handler4          10010b7b f   MSVCRT:_chandler4gs_.obj
 0001:0000fb9e       ___isa_available_init      10010b9e f   MSVCRT:_cpu_disp_.obj
 0001:0000fd3f       ___scrt_is_ucrt_dll_in_use 10010d3f f   MSVCRT:ucrt_detection.obj
 0001:0000fd4b       @_guard_check_icall_nop@4  10010d4b f i MSVCRT:guard_support.obj
 0001:0000fd4c       __guard_icall_checks_enforced 10010d4c f i MSVCRT:guard_support.obj
 0001:0000fd5e       @__security_check_cookie@4 10010d5e f   MSVCRT:_secchk_.obj
 0001:0000fd6f       ___raise_securityfailure   10010d6f f   MSVCRT:gs_report.obj
 0001:0000fd97       ___report_gsfailure        10010d97 f   MSVCRT:gs_report.obj
 0001:0000fe92       ___report_rangecheckfailure 10010e92 f   MSVCRT:gs_report.obj
 0001:0000fe9e       ___report_securityfailure  10010e9e f   MSVCRT:gs_report.obj
 0001:0000ff6e       ___report_securityfailureEx 10010f6e f   MSVCRT:gs_report.obj
 0001:00010084       _memchr                    10011084 f   vcruntime:VCRUNTIME140.dll
 0001:0001008a       ___telemetry_main_invoke_trigger 1001108a f   vcruntime:VCRUNTIME140.dll
 0001:00010090       ___telemetry_main_return_trigger 10011090 f   vcruntime:VCRUNTIME140.dll
 0001:00010096       ___std_type_info_destroy_list 10011096 f   vcruntime:VCRUNTIME140.dll
 0001:0001009c       _memset                    1001109c f   vcruntime:VCRUNTIME140.dll
 0001:000100a2       __except_handler4_common   100110a2 f   vcruntime:VCRUNTIME140.dll
 0001:000100a8       __lseeki64                 100110a8 f   ucrt:api-ms-win-crt-stdio-l1-1-0.dll
 0001:000100ae       __wopen                    100110ae f   ucrt:api-ms-win-crt-stdio-l1-1-0.dll
 0001:000100b4       __open                     100110b4 f   ucrt:api-ms-win-crt-stdio-l1-1-0.dll
 0001:000100ba       _wcstombs                  100110ba f   ucrt:api-ms-win-crt-convert-l1-1-0.dll
 0001:000100c0       ___stdio_common_vsprintf   100110c0 f   ucrt:api-ms-win-crt-stdio-l1-1-0.dll
 0001:000100c6       _free                      100110c6 f   ucrt:api-ms-win-crt-heap-l1-1-0.dll
 0001:000100cc       _malloc                    100110cc f   ucrt:api-ms-win-crt-heap-l1-1-0.dll
 0001:000100d2       __read                     100110d2 f   ucrt:api-ms-win-crt-stdio-l1-1-0.dll
 0001:000100d8       __close                    100110d8 f   ucrt:api-ms-win-crt-stdio-l1-1-0.dll
 0001:000100de       __errno                    100110de f   ucrt:api-ms-win-crt-runtime-l1-1-0.dll
 0001:000100e4       _strerror                  100110e4 f   ucrt:api-ms-win-crt-runtime-l1-1-0.dll
 0001:000100ea       __write                    100110ea f   ucrt:api-ms-win-crt-stdio-l1-1-0.dll
 0001:000100f0       _ftell                     100110f0 f   ucrt:api-ms-win-crt-stdio-l1-1-0.dll
 0001:000100f6       _ferror                    100110f6 f   ucrt:api-ms-win-crt-stdio-l1-1-0.dll
 0001:000100fc       _fopen                     100110fc f   ucrt:api-ms-win-crt-stdio-l1-1-0.dll
 0001:00010102       _fclose                    10011102 f   ucrt:api-ms-win-crt-stdio-l1-1-0.dll
 0001:00010108       _fseek                     10011108 f   ucrt:api-ms-win-crt-stdio-l1-1-0.dll
 0001:0001010e       _fwrite                    1001110e f   ucrt:api-ms-win-crt-stdio-l1-1-0.dll
 0001:00010114       __ftelli64                 10011114 f   ucrt:api-ms-win-crt-stdio-l1-1-0.dll
 0001:0001011a       _fread                     1001111a f   ucrt:api-ms-win-crt-stdio-l1-1-0.dll
 0001:00010120       __fseeki64                 10011120 f   ucrt:api-ms-win-crt-stdio-l1-1-0.dll
 0001:00010126       _srand                     10011126 f   ucrt:api-ms-win-crt-utility-l1-1-0.dll
 0001:0001012c       _rand                      1001112c f   ucrt:api-ms-win-crt-utility-l1-1-0.dll
 0001:00010132       __time64                   10011132 f   ucrt:api-ms-win-crt-time-l1-1-0.dll
 0001:00010138       __initterm                 10011138 f   ucrt:api-ms-win-crt-runtime-l1-1-0.dll
 0001:0001013e       __initterm_e               1001113e f   ucrt:api-ms-win-crt-runtime-l1-1-0.dll
 0001:00010144       __seh_filter_dll           10011144 f   ucrt:api-ms-win-crt-runtime-l1-1-0.dll
 0001:0001014a       __initialize_narrow_environment 1001114a f   ucrt:api-ms-win-crt-runtime-l1-1-0.dll
 0001:00010150       __initialize_onexit_table  10011150 f   ucrt:api-ms-win-crt-runtime-l1-1-0.dll
 0001:00010156       __register_onexit_function 10011156 f   ucrt:api-ms-win-crt-runtime-l1-1-0.dll
 0001:0001015c       __execute_onexit_table     1001115c f   ucrt:api-ms-win-crt-runtime-l1-1-0.dll
 0001:00010162       __crt_atexit               10011162 f   ucrt:api-ms-win-crt-runtime-l1-1-0.dll
 0001:00010168       __crt_at_quick_exit        10011168 f   ucrt:api-ms-win-crt-runtime-l1-1-0.dll
 0001:0001016e       __cexit                    1001116e f   ucrt:api-ms-win-crt-runtime-l1-1-0.dll
 0001:00010174       _terminate                 10011174 f   ucrt:api-ms-win-crt-runtime-l1-1-0.dll
 0001:0001017a       _QueryPerformanceCounter@4 1001117a f   kernel32:KERNEL32.dll
 0001:00010180       _GetCurrentProcessId@0     10011180 f   kernel32:KERNEL32.dll
 0001:00010186       _GetCurrentThreadId@0      10011186 f   kernel32:KERNEL32.dll
 0001:0001018c       _GetSystemTimeAsFileTime@4 1001118c f   kernel32:KERNEL32.dll
 0001:00010192       _DisableThreadLibraryCalls@4 10011192 f   kernel32:KERNEL32.dll
 0001:00010198       _InitializeSListHead@4     10011198 f   kernel32:KERNEL32.dll
 0001:0001019e       _IsDebuggerPresent@0       1001119e f   kernel32:KERNEL32.dll
 0001:000101a4       _UnhandledExceptionFilter@4 100111a4 f   kernel32:KERNEL32.dll
 0001:000101aa       _SetUnhandledExceptionFilter@4 100111aa f   kernel32:KERNEL32.dll
 0001:000101b0       _GetStartupInfoW@4         100111b0 f   kernel32:KERNEL32.dll
 0001:000101b6       _IsProcessorFeaturePresent@4 100111b6 f   kernel32:KERNEL32.dll
 0001:000101bc       _GetModuleHandleW@4        100111bc f   kernel32:KERNEL32.dll
 0001:000101c2       _GetCurrentProcess@0       100111c2 f   kernel32:KERNEL32.dll
 0001:000101c8       _TerminateProcess@8        100111c8 f   kernel32:KERNEL32.dll
 0001:000101ce       ___acrt_initialize         100111ce f   MSVCRT:ucrt_stubs.obj
 0001:000101ce       ___scrt_stub_for_acrt_initialize 100111ce f   MSVCRT:ucrt_stubs.obj
 0001:000101ce       ___vcrt_initialize         100111ce f   MSVCRT:ucrt_stubs.obj
 0001:000101d1       ___vcrt_thread_attach      100111d1 f   MSVCRT:ucrt_stubs.obj
 0001:000101d1       ___acrt_thread_attach      100111d1 f   MSVCRT:ucrt_stubs.obj
 0001:000101d1       ___scrt_stub_for_acrt_thread_attach 100111d1 f   MSVCRT:ucrt_stubs.obj
 0001:000101d4       ___scrt_stub_for_acrt_thread_detach 100111d4 f   MSVCRT:ucrt_stubs.obj
 0001:000101d4       ___vcrt_thread_detach      100111d4 f   MSVCRT:ucrt_stubs.obj
 0001:000101d4       ___acrt_thread_detach      100111d4 f   MSVCRT:ucrt_stubs.obj
 0001:000101d7       ___vcrt_uninitialize       100111d7 f   MSVCRT:ucrt_stubs.obj
 0001:000101d7       ___acrt_uninitialize       100111d7 f   MSVCRT:ucrt_stubs.obj
 0001:000101d7       ___scrt_stub_for_acrt_uninitialize 100111d7 f   MSVCRT:ucrt_stubs.obj
 0001:000101da       ___acrt_uninitialize_critical 100111da f   MSVCRT:ucrt_stubs.obj
 0001:000101da       ___vcrt_uninitialize_critical 100111da f   MSVCRT:ucrt_stubs.obj
 0001:000101da       ___scrt_stub_for_acrt_uninitialize_critical 100111da f   MSVCRT:ucrt_stubs.obj
 0001:000101dd       __is_c_termination_complete 100111dd f   MSVCRT:ucrt_stubs.obj
 0001:000101dd       ___scrt_stub_for_is_c_termination_complete 100111dd f   MSVCRT:ucrt_stubs.obj
 0001:000101e0       __alldiv                   100111e0 f   MSVCRT:lldiv.obj
 0001:00010290       __chkstk                   10011290 f   MSVCRT:chkstk.obj
 0001:00010290       __alloca_probe             10011290 f   MSVCRT:chkstk.obj
 0001:000102be       _memcpy                    100112be f   vcruntime:VCRUNTIME140.dll
 0002:00000000       __imp__ReadFile@20         10012000     kernel32:KERNEL32.dll
 0002:00000004       __imp__WriteFile@20        10012004     kernel32:KERNEL32.dll
 0002:00000008       __imp__CreateFile2@20      10012008     kernel32:KERNEL32.dll
 0002:0000000c       __imp__MultiByteToWideChar@24 1001200c     kernel32:KERNEL32.dll
 0002:00000010       __imp__GetLastError@0      10012010     kernel32:KERNEL32.dll
 0002:00000014       __imp__CloseHandle@4       10012014     kernel32:KERNEL32.dll
 0002:00000018       __imp__SetFilePointerEx@20 10012018     kernel32:KERNEL32.dll
 0002:0000001c       __imp__GetCurrentProcessId@0 1001201c     kernel32:KERNEL32.dll
 0002:00000020       __imp__GetCurrentThreadId@0 10012020     kernel32:KERNEL32.dll
 0002:00000024       __imp__GetSystemTimeAsFileTime@4 10012024     kernel32:KERNEL32.dll
 0002:00000028       __imp__DisableThreadLibraryCalls@4 10012028     kernel32:KERNEL32.dll
 0002:0000002c       __imp__InitializeSListHead@4 1001202c     kernel32:KERNEL32.dll
 0002:00000030       __imp__IsDebuggerPresent@0 10012030     kernel32:KERNEL32.dll
 0002:00000034       __imp__QueryPerformanceCounter@4 10012034     kernel32:KERNEL32.dll
 0002:00000038       __imp__TerminateProcess@8  10012038     kernel32:KERNEL32.dll
 0002:0000003c       __imp__GetCurrentProcess@0 1001203c     kernel32:KERNEL32.dll
 0002:00000040       __imp__GetModuleHandleW@4  10012040     kernel32:KERNEL32.dll
 0002:00000044       __imp__IsProcessorFeaturePresent@4 10012044     kernel32:KERNEL32.dll
 0002:00000048       __imp__GetStartupInfoW@4   10012048     kernel32:KERNEL32.dll
 0002:0000004c       __imp__SetUnhandledExceptionFilter@4 1001204c     kernel32:KERNEL32.dll
 0002:00000050       __imp__UnhandledExceptionFilter@4 10012050     kernel32:KERNEL32.dll
 0002:00000054       \177KERNEL32_NULL_THUNK_DATA 10012054     kernel32:KERNEL32.dll
 0002:00000058       __imp__memset              10012058     vcruntime:VCRUNTIME140.dll
 0002:0000005c       __imp____std_type_info_destroy_list 1001205c     vcruntime:VCRUNTIME140.dll
 0002:00000060       __imp____telemetry_main_return_trigger 10012060     vcruntime:VCRUNTIME140.dll
 0002:00000064       __imp____telemetry_main_invoke_trigger 10012064     vcruntime:VCRUNTIME140.dll
 0002:00000068       __imp__memchr              10012068     vcruntime:VCRUNTIME140.dll
 0002:0000006c       __imp___except_handler4_common 1001206c     vcruntime:VCRUNTIME140.dll
 0002:00000070       __imp__memcpy              10012070     vcruntime:VCRUNTIME140.dll
 0002:00000074       \177VCRUNTIME140_NULL_THUNK_DATA 10012074     vcruntime:VCRUNTIME140.dll
 0002:00000078       __imp__wcstombs            10012078     ucrt:api-ms-win-crt-convert-l1-1-0.dll
 0002:0000007c       \177api-ms-win-crt-convert-l1-1-0_NULL_THUNK_DATA 1001207c     ucrt:api-ms-win-crt-convert-l1-1-0.dll
 0002:00000080       __imp__malloc              10012080     ucrt:api-ms-win-crt-heap-l1-1-0.dll
 0002:00000084       __imp__free                10012084     ucrt:api-ms-win-crt-heap-l1-1-0.dll
 0002:00000088       \177api-ms-win-crt-heap-l1-1-0_NULL_THUNK_DATA 10012088     ucrt:api-ms-win-crt-heap-l1-1-0.dll
 0002:0000008c       __imp__strerror            1001208c     ucrt:api-ms-win-crt-runtime-l1-1-0.dll
 0002:00000090       __imp___errno              10012090     ucrt:api-ms-win-crt-runtime-l1-1-0.dll
 0002:00000094       __imp__terminate           10012094     ucrt:api-ms-win-crt-runtime-l1-1-0.dll
 0002:00000098       __imp___initterm           10012098     ucrt:api-ms-win-crt-runtime-l1-1-0.dll
 0002:0000009c       __imp___initterm_e         1001209c     ucrt:api-ms-win-crt-runtime-l1-1-0.dll
 0002:000000a0       __imp___seh_filter_dll     100120a0     ucrt:api-ms-win-crt-runtime-l1-1-0.dll
 0002:000000a4       __imp___initialize_narrow_environment 100120a4     ucrt:api-ms-win-crt-runtime-l1-1-0.dll
 0002:000000a8       __imp___initialize_onexit_table 100120a8     ucrt:api-ms-win-crt-runtime-l1-1-0.dll
 0002:000000ac       __imp___register_onexit_function 100120ac     ucrt:api-ms-win-crt-runtime-l1-1-0.dll
 0002:000000b0       __imp___execute_onexit_table 100120b0     ucrt:api-ms-win-crt-runtime-l1-1-0.dll
 0002:000000b4       __imp___crt_atexit         100120b4     ucrt:api-ms-win-crt-runtime-l1-1-0.dll
 0002:000000b8       __imp___crt_at_quick_exit  100120b8     ucrt:api-ms-win-crt-runtime-l1-1-0.dll
 0002:000000bc       __imp___cexit              100120bc     ucrt:api-ms-win-crt-runtime-l1-1-0.dll
 0002:000000c0       \177api-ms-win-crt-runtime-l1-1-0_NULL_THUNK_DATA 100120c0     ucrt:api-ms-win-crt-runtime-l1-1-0.dll
 0002:000000c4       __imp___open               100120c4     ucrt:api-ms-win-crt-stdio-l1-1-0.dll
 0002:000000c8       __imp___wopen              100120c8     ucrt:api-ms-win-crt-stdio-l1-1-0.dll
 0002:000000cc       __imp___lseeki64           100120cc     ucrt:api-ms-win-crt-stdio-l1-1-0.dll
 0002:000000d0       __imp__fopen               100120d0     ucrt:api-ms-win-crt-stdio-l1-1-0.dll
 0002:000000d4       __imp__fread               100120d4     ucrt:api-ms-win-crt-stdio-l1-1-0.dll
 0002:000000d8       __imp____stdio_common_vsprintf 100120d8     ucrt:api-ms-win-crt-stdio-l1-1-0.dll
 0002:000000dc       __imp__ferror              100120dc     ucrt:api-ms-win-crt-stdio-l1-1-0.dll
 0002:000000e0       __imp__ftell               100120e0     ucrt:api-ms-win-crt-stdio-l1-1-0.dll
 0002:000000e4       __imp___write              100120e4     ucrt:api-ms-win-crt-stdio-l1-1-0.dll
 0002:000000e8       __imp___ftelli64           100120e8     ucrt:api-ms-win-crt-stdio-l1-1-0.dll
 0002:000000ec       __imp__fwrite              100120ec     ucrt:api-ms-win-crt-stdio-l1-1-0.dll
 0002:000000f0       __imp___close              100120f0     ucrt:api-ms-win-crt-stdio-l1-1-0.dll
 0002:000000f4       __imp___read               100120f4     ucrt:api-ms-win-crt-stdio-l1-1-0.dll
 0002:000000f8       __imp__fseek               100120f8     ucrt:api-ms-win-crt-stdio-l1-1-0.dll
 0002:000000fc       __imp__fclose              100120fc     ucrt:api-ms-win-crt-stdio-l1-1-0.dll
 0002:00000100       __imp___fseeki64           10012100     ucrt:api-ms-win-crt-stdio-l1-1-0.dll
 0002:00000104       \177api-ms-win-crt-stdio-l1-1-0_NULL_THUNK_DATA 10012104     ucrt:api-ms-win-crt-stdio-l1-1-0.dll
 0002:00000108       __imp___time64             10012108     ucrt:api-ms-win-crt-time-l1-1-0.dll
 0002:0000010c       \177api-ms-win-crt-time-l1-1-0_NULL_THUNK_DATA 1001210c     ucrt:api-ms-win-crt-time-l1-1-0.dll
 0002:00000110       __imp__srand               10012110     ucrt:api-ms-win-crt-utility-l1-1-0.dll
 0002:00000114       __imp__rand                10012114     ucrt:api-ms-win-crt-utility-l1-1-0.dll
 0002:00000118       \177api-ms-win-crt-utility-l1-1-0_NULL_THUNK_DATA 10012118     ucrt:api-ms-win-crt-utility-l1-1-0.dll
 0002:0000011c       ___guard_check_icall_fptr  1001211c     MSVCRT:guard_support.obj
 0002:00000120       ___xc_a                    10012120     MSVCRT:initializers.obj
 0002:00000124       ___xc_z                    10012124     MSVCRT:initializers.obj
 0002:00000128       ___xi_a                    10012128     MSVCRT:initializers.obj
 0002:0000012c       ___xi_z                    1001212c     MSVCRT:initializers.obj
 0002:00000130       ___xp_a                    10012130     MSVCRT:initializers.obj
 0002:00000134       ___xp_z                    10012134     MSVCRT:initializers.obj
 0002:00000138       ___xt_a                    10012138     MSVCRT:initializers.obj
 0002:0000013c       ___xt_z                    1001213c     MSVCRT:initializers.obj
 0002:00000140       __pRawDllMain              10012140     MSVCRT:dll_dllmain.obj
 0002:00000140       __pDefaultRawDllMain       10012140     MSVCRT:dll_dllmain.obj
 0002:0000014c       ??_C@_05IAIEPMAK@1?42?48?$AA@ 1001214c     compress.obj
 0002:00003428       __length_code              10015428     trees.obj
 0002:00003528       __dist_code                10015528     trees.obj
 0002:00003e68       _unz_copyright             10015e68     unzip.obj
 0002:00003ebc       _z_errmsg                  10015ebc     zutil.obj
 0002:00003ee4       ??_C@_02DKCKIIND@?$CFs?$AA@ 10015ee4     gzlib.obj
 0002:00003ee8       ??_C@_07EBNKNFJN@?$DMfd?3?$CFd?$DO?$AA@ 10015ee8     gzlib.obj
 0002:00003ef0       ??_C@_0O@BNNCBLEN@out?5of?5memory?$AA@ 10015ef0     gzlib.obj
 0002:00003efe       ??_C@_00CNPNBAHC@?$AA@     10015efe     gzlib.obj
 0002:00003f00       ??_C@_02LMMGGCAJ@?3?5?$AA@ 10015f00     gzlib.obj
 0002:00003f04       ??_C@_06DIJPEION@?$CFs?$CFs?$CFs?$AA@ 10015f04     gzlib.obj
 0002:00003f0c       ??_C@_0BH@CFIIDOJD@unexpected?5end?5of?5file?$AA@ 10015f0c     gzread.obj
 0002:00003f24       ??_C@_0CH@CPOLIEKA@internal?5error?3?5inflate?5stream?5c@ 10015f24     gzread.obj
 0002:00003f4c       ??_C@_0BG@HCKBMIHF@compressed?5data?5error?$AA@ 10015f4c     gzread.obj
 0002:00003f64       ??_C@_0CF@MLPJFDMM@requested?5length?5does?5not?5fit?5in@ 10015f64     gzread.obj
 0002:00003f8c       ??_C@_0BP@IIKIGMCC@out?5of?5room?5to?5push?5characters?$AA@ 10015f8c     gzread.obj
 0002:00003fac       ??_C@_0CH@DEEGAHIB@internal?5error?3?5deflate?5stream?5c@ 10015fac     gzwrite.obj
 0002:00003fd4       ??_C@_0BD@PJCBIDD@invalid?5block?5type?$AA@ 10015fd4     infback.obj
 0002:00003fe8       ??_C@_0BN@LGAADGOK@invalid?5stored?5block?5lengths?$AA@ 10015fe8     infback.obj
 0002:00004008       ??_C@_0CE@GMIGFPBB@too?5many?5length?5or?5distance?5symb@ 10016008     infback.obj
 0002:0000402c       ??_C@_0BJ@HDEPPGOH@invalid?5code?5lengths?5set?$AA@ 1001602c     infback.obj
 0002:00004048       ??_C@_0BK@BMMPFBBH@invalid?5bit?5length?5repeat?$AA@ 10016048     infback.obj
 0002:00004064       ??_C@_0CF@DGDMADCD@invalid?5code?5?9?9?5missing?5end?9of?9b@ 10016064     infback.obj
 0002:0000408c       ??_C@_0BM@IIMGAINC@invalid?5literal?1lengths?5set?$AA@ 1001608c     infback.obj
 0002:000040a8       ??_C@_0BG@GMDFCBGP@invalid?5distances?5set?$AA@ 100160a8     infback.obj
 0002:000040c0       ??_C@_0BM@FFFLPBBC@invalid?5literal?1length?5code?$AA@ 100160c0     infback.obj
 0002:000040dc       ??_C@_0BG@LBKINIKP@invalid?5distance?5code?$AA@ 100160dc     infback.obj
 0002:000040f4       ??_C@_0BO@ECPMAOGG@invalid?5distance?5too?5far?5back?$AA@ 100160f4     infback.obj
 0002:00004114       ??_C@_0BH@LIBMMIGA@incorrect?5header?5check?$AA@ 10016114     inflate.obj
 0002:0000412c       ??_C@_0BL@IHKGDAEE@unknown?5compression?5method?$AA@ 1001612c     inflate.obj
 0002:00004148       ??_C@_0BE@EMOGCLGO@invalid?5window?5size?$AA@ 10016148     inflate.obj
 0002:0000415c       ??_C@_0BJ@BLBBCOMO@unknown?5header?5flags?5set?$AA@ 1001615c     inflate.obj
 0002:00004178       ??_C@_0BE@GONKLEPM@header?5crc?5mismatch?$AA@ 10016178     inflate.obj
 0002:0000418c       ??_C@_0BF@MEIGEHBE@incorrect?5data?5check?$AA@ 1001618c     inflate.obj
 0002:000041a4       ??_C@_0BH@FGKKJGOC@incorrect?5length?5check?$AA@ 100161a4     inflate.obj
 0002:000041bc       ??_C@_02JDPG@rb?$AA@       100161bc     ioapi.obj
 0002:000041c0       ??_C@_03HMFOOINA@r?$CLb?$AA@ 100161c0     ioapi.obj
 0002:000041c4       ??_C@_02GMLFBBN@wb?$AA@    100161c4     ioapi.obj
 0002:000041c8       ??_C@_01JOAMLHOP@?9?$AA@   100161c8     zip.obj
 0002:000041cc       ??_C@_0BA@MOKMMFOD@need?5dictionary?$AA@ 100161cc     zutil.obj
 0002:000041dc       ??_C@_0L@FNAOCBOG@stream?5end?$AA@ 100161dc     zutil.obj
 0002:000041e8       ??_C@_0L@KIJFAKBJ@file?5error?$AA@ 100161e8     zutil.obj
 0002:000041f4       ??_C@_0N@MKKNPMJD@stream?5error?$AA@ 100161f4     zutil.obj
 0002:00004204       ??_C@_0L@HAHMBNLP@data?5error?$AA@ 10016204     zutil.obj
 0002:00004210       ??_C@_0BE@OGGJBMCE@insufficient?5memory?$AA@ 10016210     zutil.obj
 0002:00004224       ??_C@_0N@DFPGLBGC@buffer?5error?$AA@ 10016224     zutil.obj
 0002:00004234       ??_C@_0BF@CJFPCCEG@incompatible?5version?$AA@ 10016234     zutil.obj
 0002:000042c0       __load_config_used         100162c0     MSVCRT:loadcfg.obj
 0002:00004320       ___safe_se_handler_table   10016320     <linker-defined>
 0002:000045f4       ___rtc_iaa                 100165f4     MSVCRT:_initsect_.obj
 0002:000045f8       ___rtc_izz                 100165f8     MSVCRT:_initsect_.obj
 0002:000045fc       ___rtc_taa                 100165fc     MSVCRT:_initsect_.obj
 0002:00004600       ___rtc_tzz                 10016600     MSVCRT:_initsect_.obj
 0002:000052d4       __IMPORT_DESCRIPTOR_KERNEL32 100172d4     kernel32:KERNEL32.dll
 0002:000052e8       __IMPORT_DESCRIPTOR_VCRUNTIME140 100172e8     vcruntime:VCRUNTIME140.dll
 0002:000052fc       __IMPORT_DESCRIPTOR_api-ms-win-crt-stdio-l1-1-0 100172fc     ucrt:api-ms-win-crt-stdio-l1-1-0.dll
 0002:00005310       __IMPORT_DESCRIPTOR_api-ms-win-crt-convert-l1-1-0 10017310     ucrt:api-ms-win-crt-convert-l1-1-0.dll
 0002:00005324       __IMPORT_DESCRIPTOR_api-ms-win-crt-heap-l1-1-0 10017324     ucrt:api-ms-win-crt-heap-l1-1-0.dll
 0002:00005338       __IMPORT_DESCRIPTOR_api-ms-win-crt-runtime-l1-1-0 10017338     ucrt:api-ms-win-crt-runtime-l1-1-0.dll
 0002:0000534c       __IMPORT_DESCRIPTOR_api-ms-win-crt-utility-l1-1-0 1001734c     ucrt:api-ms-win-crt-utility-l1-1-0.dll
 0002:00005360       __IMPORT_DESCRIPTOR_api-ms-win-crt-time-l1-1-0 10017360     ucrt:api-ms-win-crt-time-l1-1-0.dll
 0002:00005374       __NULL_IMPORT_DESCRIPTOR   10017374     kernel32:KERNEL32.dll
 0003:00000000       ___scrt_native_dllmain_reason 10018000     MSVCRT:utility.obj
 0003:00000010       ___isa_enabled             10018010     MSVCRT:_cpu_disp_.obj
 0003:00000014       ___security_cookie_complement 10018014     MSVCRT:gs_cookie.obj
 0003:00000018       ___security_cookie         10018018     MSVCRT:gs_cookie.obj
 0003:0000001c       ___scrt_ucrt_dll_is_in_use 1001801c     MSVCRT:ucrt_stubs.obj
 0003:00000064       ___scrt_current_native_startup_state 10018064     MSVCRT:utility.obj
 0003:00000068       ___scrt_native_startup_lock 10018068     MSVCRT:utility.obj
 0003:00000088       ?__type_info_root_node@@3U__type_info_node@@A 10018088     MSVCRT:tncleanup.obj
 0003:00000090       ?_OptionsStorage@?1??__local_stdio_printf_options@@9@4_KA 10018090     MSVCRT:default_local_stdio_options.obj
 0003:00000098       ?_OptionsStorage@?1??__local_stdio_scanf_options@@9@4_KA 10018098     MSVCRT:default_local_stdio_options.obj
 0003:000000a0       ___scrt_debugger_hook_flag 100180a0     MSVCRT:utility_desktop.obj
 0003:000000a4       ___isa_available           100180a4     MSVCRT:_cpu_disp_.obj
 0003:000000a8       ___favor                   100180a8     MSVCRT:_cpu_disp_.obj
 0003:000003d0       ___dyn_tls_init_callback   100183d0     <common>
 0003:000003d8       ?_OptionsStorage@?1??__local_stdio_printf_options@@9@9 100183d8     <common>
 0003:000003e0       ?_OptionsStorage@?1??__local_stdio_scanf_options@@9@9 100183e0     <common>

 entry point at        0001:0000f3ea

 Static symbols

 0000:fffe4000       .debug$S                   10000000     ucrt:api-ms-win-crt-runtime-l1-1-0.dll
 0000:fffe4000       .debug$S                   10000000     kernel32:KERNEL32.dll
 0000:fffe4000       .debug$S                   10000000     kernel32:KERNEL32.dll
 0000:fffe4000       .debug$S                   10000000     kernel32:KERNEL32.dll
 0000:fffe4000       .debug$S                   10000000     kernel32:KERNEL32.dll
 0000:fffe4000       .debug$S                   10000000     kernel32:KERNEL32.dll
 0000:fffe4000       .debug$S                   10000000     kernel32:KERNEL32.dll
 0000:fffe4000       .debug$S                   10000000     kernel32:KERNEL32.dll
 0000:fffe4000       .debug$S                   10000000     kernel32:KERNEL32.dll
 0000:fffe4000       .debug$S                   10000000     kernel32:KERNEL32.dll
 0000:fffe4000       .debug$S                   10000000     kernel32:KERNEL32.dll
 0000:fffe4000       .debug$S                   10000000     kernel32:KERNEL32.dll
 0000:fffe4000       .debug$S                   10000000     kernel32:KERNEL32.dll
 0000:fffe4000       .debug$S                   10000000     kernel32:KERNEL32.dll
 0000:fffe4000       .debug$S                   10000000     kernel32:KERNEL32.dll
 0000:fffe4000       .debug$S                   10000000     kernel32:KERNEL32.dll
 0000:fffe4000       .debug$S                   10000000     kernel32:KERNEL32.dll
 0000:fffe4000       .debug$S                   10000000     kernel32:KERNEL32.dll
 0000:fffe4000       .debug$S                   10000000     ucrt:api-ms-win-crt-convert-l1-1-0.dll
 0000:fffe4000       .debug$S                   10000000     ucrt:api-ms-win-crt-heap-l1-1-0.dll
 0000:fffe4000       .debug$S                   10000000     kernel32:KERNEL32.dll
 0000:fffe4000       .debug$S                   10000000     kernel32:KERNEL32.dll
 0000:fffe4000       .debug$S                   10000000     ucrt:api-ms-win-crt-heap-l1-1-0.dll
 0000:fffe4000       .debug$S                   10000000     kernel32:KERNEL32.dll
 0000:fffe4000       .debug$S                   10000000     ucrt:api-ms-win-crt-runtime-l1-1-0.dll
 0000:fffe4000       .debug$S                   10000000     vcruntime:VCRUNTIME140.dll
 0000:fffe4000       .debug$S                   10000000     vcruntime:VCRUNTIME140.dll
 0000:fffe4000       .debug$S                   10000000     vcruntime:VCRUNTIME140.dll
 0000:fffe4000       .debug$S                   10000000     vcruntime:VCRUNTIME140.dll
 0000:fffe4000       .debug$S                   10000000     vcruntime:VCRUNTIME140.dll
 0000:fffe4000       .debug$S                   10000000     vcruntime:VCRUNTIME140.dll
 0000:fffe4000       .debug$S                   10000000     vcruntime:VCRUNTIME140.dll
 0000:fffe4000       .debug$S                   10000000     ucrt:api-ms-win-crt-utility-l1-1-0.dll
 0000:fffe4000       .debug$S                   10000000     ucrt:api-ms-win-crt-utility-l1-1-0.dll
 0000:fffe4000       .debug$S                   10000000     ucrt:api-ms-win-crt-time-l1-1-0.dll
 0000:fffe4000       .debug$S                   10000000     ucrt:api-ms-win-crt-stdio-l1-1-0.dll
 0000:fffe4000       .debug$S                   10000000     ucrt:api-ms-win-crt-stdio-l1-1-0.dll
 0000:fffe4000       .debug$S                   10000000     ucrt:api-ms-win-crt-stdio-l1-1-0.dll
 0000:fffe4000       .debug$S                   10000000     ucrt:api-ms-win-crt-stdio-l1-1-0.dll
 0000:fffe4000       .debug$S                   10000000     ucrt:api-ms-win-crt-stdio-l1-1-0.dll
 0000:fffe4000       .debug$S                   10000000     ucrt:api-ms-win-crt-stdio-l1-1-0.dll
 0000:fffe4000       .debug$S                   10000000     ucrt:api-ms-win-crt-stdio-l1-1-0.dll
 0000:fffe4000       .debug$S                   10000000     ucrt:api-ms-win-crt-stdio-l1-1-0.dll
 0000:fffe4000       .debug$S                   10000000     ucrt:api-ms-win-crt-stdio-l1-1-0.dll
 0000:fffe4000       .debug$S                   10000000     ucrt:api-ms-win-crt-stdio-l1-1-0.dll
 0000:fffe4000       .debug$S                   10000000     ucrt:api-ms-win-crt-stdio-l1-1-0.dll
 0000:fffe4000       .debug$S                   10000000     ucrt:api-ms-win-crt-stdio-l1-1-0.dll
 0000:fffe4000       .debug$S                   10000000     ucrt:api-ms-win-crt-stdio-l1-1-0.dll
 0000:fffe4000       .debug$S                   10000000     ucrt:api-ms-win-crt-stdio-l1-1-0.dll
 0000:fffe4000       .debug$S                   10000000     ucrt:api-ms-win-crt-stdio-l1-1-0.dll
 0000:fffe4000       .debug$S                   10000000     ucrt:api-ms-win-crt-stdio-l1-1-0.dll
 0000:fffe4000       .debug$S                   10000000     ucrt:api-ms-win-crt-runtime-l1-1-0.dll
 0000:fffe4000       .debug$S                   10000000     ucrt:api-ms-win-crt-runtime-l1-1-0.dll
 0000:fffe4000       .debug$S                   10000000     ucrt:api-ms-win-crt-runtime-l1-1-0.dll
 0000:fffe4000       .debug$S                   10000000     ucrt:api-ms-win-crt-runtime-l1-1-0.dll
 0000:fffe4000       .debug$S                   10000000     ucrt:api-ms-win-crt-runtime-l1-1-0.dll
 0000:fffe4000       .debug$S                   10000000     ucrt:api-ms-win-crt-runtime-l1-1-0.dll
 0000:fffe4000       .debug$S                   10000000     ucrt:api-ms-win-crt-runtime-l1-1-0.dll
 0000:fffe4000       .debug$S                   10000000     ucrt:api-ms-win-crt-runtime-l1-1-0.dll
 0000:fffe4000       .debug$S                   10000000     ucrt:api-ms-win-crt-runtime-l1-1-0.dll
 0000:fffe4000       .debug$S                   10000000     ucrt:api-ms-win-crt-runtime-l1-1-0.dll
 0000:fffe4000       .debug$S                   10000000     ucrt:api-ms-win-crt-runtime-l1-1-0.dll
 0000:fffe4000       .debug$S                   10000000     zlibwapi.exp
 0000:fffe4000       .debug$S                   10000000     kernel32:KERNEL32.dll
 0001:00000280       _adler32_combine_          10001280 f   adler32.obj
 0001:00000490       _crc32_little              10001490 f   crc32.obj
 0001:00000720       _crc32_big                 10001720 f   crc32.obj
 0001:00000a00       _gf2_matrix_times          10001a00 f   crc32.obj
 0001:00000a20       _gf2_matrix_square         10001a20 f   crc32.obj
 0001:00000a60       _crc32_combine_            10001a60 f   crc32.obj
 0001:00001380       _putShortMSB               10002380 f   deflate.obj
 0001:000013b0       _flush_pending             100023b0 f   deflate.obj
 0001:00001ef0       _read_buf                  10002ef0 f   deflate.obj
 0001:00001f70       _lm_init                   10002f70 f   deflate.obj
 0001:00002020       _longest_match             10003020 f   deflate.obj
 0001:000021a0       _fill_window               100031a0 f   deflate.obj
 0001:00002380       _deflate_stored            10003380 f   deflate.obj
 0001:00002500       _deflate_fast              10003500 f   deflate.obj
 0001:00002810       _deflate_slow              10003810 f   deflate.obj
 0001:00002c10       _deflate_rle               10003c10 f   deflate.obj
 0001:00002eb0       _deflate_huff              10003eb0 f   deflate.obj
 0001:000030f0       _gz_reset                  100040f0 f   gzlib.obj
 0001:00003150       _gz_open                   10004150 f   gzlib.obj
 0001:000033cc       $LN57                      100043cc     gzlib.obj
 0001:000033f8       $LN49                      100043f8     gzlib.obj
 0001:00003a20       _gz_load                   10004a20 f   gzread.obj
 0001:00003aa0       _gz_avail                  10004aa0 f   gzread.obj
 0001:00003b20       _gz_look                   10004b20 f   gzread.obj
 0001:00003ca0       _gz_decomp                 10004ca0 f   gzread.obj
 0001:00003da0       _gz_fetch                  10004da0 f   gzread.obj
 0001:00003e20       _gz_skip                   10004e20 f   gzread.obj
 0001:00004340       _gz_init                   10005340 f   gzwrite.obj
 0001:00004430       _gz_comp                   10005430 f   gzwrite.obj
 0001:00004570       _gz_zero                   10005570 f   gzwrite.obj
 0001:00004bf0       _fixedtables               10005bf0 f   infback.obj
 0001:000059c4       $LN507                     100069c4     infback.obj
 0001:000059e0       $LN473                     100069e0     infback.obj
 0001:000059f4       $LN508                     100069f4     infback.obj
 0001:00006150       _fixedtables               10007150 f   inflate.obj
 0001:00006170       _updatewindow              10007170 f   inflate.obj
 0001:000078ac       $LN935                     100088ac     inflate.obj
 0001:00007928       $LN936                     10008928     inflate.obj
 0001:00007ae0       _syncsearch                10008ae0 f   inflate.obj
 0001:000083a0       _fopen_file_func           100093a0 f   ioapi.obj
 0001:000083f0       _fopen64_file_func         100093f0 f   ioapi.obj
 0001:00008440       _fread_file_func           10009440 f   ioapi.obj
 0001:00008460       _fwrite_file_func          10009460 f   ioapi.obj
 0001:00008480       _ftell_file_func           10009480 f   ioapi.obj
 0001:000084a0       _ftell64_file_func         100094a0 f   ioapi.obj
 0001:000084c0       _fseek_file_func           100094c0 f   ioapi.obj
 0001:00008510       _fseek64_file_func         10009510 f   ioapi.obj
 0001:00008560       _fclose_file_func          10009560 f   ioapi.obj
 0001:00008580       _ferror_file_func          10009580 f   ioapi.obj
 0001:000085e0       _win32_translate_open_mode 100095e0 f   iowin32.obj
 0001:00008650       _win32_build_iowin         10009650 f   iowin32.obj
 0001:000088d0       _MySetFilePointerEx        100098d0 f   iowin32.obj
 0001:00008bf0       _tr_static_init            10009bf0 f   trees.obj
 0001:00008c60       _init_block                10009c60 f   trees.obj
 0001:00008cf0       _pqdownheap                10009cf0 f   trees.obj
 0001:00008dd0       _gen_bitlen                10009dd0 f   trees.obj
 0001:00008fe0       _gen_codes                 10009fe0 f   trees.obj
 0001:00009050       _build_tree                1000a050 f   trees.obj
 0001:00009260       _scan_tree                 1000a260 f   trees.obj
 0001:00009350       _send_tree                 1000a350 f   trees.obj
 0001:00009870       _build_bl_tree             1000a870 f   trees.obj
 0001:00009950       _send_all_trees            1000a950 f   trees.obj
 0001:00009f40       _compress_block            1000af40 f   trees.obj
 0001:0000a340       _detect_data_type          1000b340 f   trees.obj
 0001:0000a3b0       _bi_reverse                1000b3b0 f   trees.obj
 0001:0000a3d0       _bi_flush                  1000b3d0 f   trees.obj
 0001:0000a450       _bi_windup                 1000b450 f   trees.obj
 0001:0000a4b0       _copy_block                1000b4b0 f   trees.obj
 0001:0000a5e0       _unz64local_getByte        1000b5e0 f   unzip.obj
 0001:0000a630       _unz64local_getShort       1000b630 f   unzip.obj
 0001:0000a6a0       _unz64local_getLong        1000b6a0 f   unzip.obj
 0001:0000a750       _unz64local_getLong64      1000b750 f   unzip.obj
 0001:0000a8c0       _strcmpcasenosensitive_internal 1000b8c0 f   unzip.obj
 0001:0000a960       _unz64local_SearchCentralDir 1000b960 f   unzip.obj
 0001:0000ab10       _unz64local_SearchCentralDir64 1000bb10 f   unzip.obj
 0001:0000ada0       _unzOpenInternal           1000bda0 f   unzip.obj
 0001:0000b350       _unz64local_DosDateToTmuDate 1000c350 f   unzip.obj
 0001:0000b3d0       _unz64local_GetCurrentFileInfoInternal 1000c3d0 f   unzip.obj
 0001:0000be90       _unz64local_CheckCurrentFileCoherencyHeader 1000ce90 f   unzip.obj
 0001:0000c950       _time                      1000d950 f   zip.obj
 0001:0000c960       _decrypt_byte              1000d960 f   zip.obj
 0001:0000c980       _update_keys               1000d980 f   zip.obj
 0001:0000c9d0       _init_keys                 1000d9d0 f   zip.obj
 0001:0000ca20       _crypthead                 1000da20 f   zip.obj
 0001:0000cb50       _allocate_new_datablock    1000db50 f   zip.obj
 0001:0000cb80       _free_datablock            1000db80 f   zip.obj
 0001:0000cbb0       _init_linkedlist           1000dbb0 f   zip.obj
 0001:0000cbc0       _free_linkedlist           1000dbc0 f   zip.obj
 0001:0000cbe0       _add_data_in_datablock     1000dbe0 f   zip.obj
 0001:0000cc90       _zip64local_putValue       1000dc90 f   zip.obj
 0001:0000cd10       _zip64local_putValue_inmemory 1000dd10 f   zip.obj
 0001:0000cd50       _zip64local_TmzDateToDosDate 1000dd50 f   zip.obj
 0001:0000cda0       _zip64local_getByte        1000dda0 f   zip.obj
 0001:0000cdf0       _zip64local_getShort       1000ddf0 f   zip.obj
 0001:0000ce60       _zip64local_getLong        1000de60 f   zip.obj
 0001:0000cf10       _zip64local_getLong64      1000df10 f   zip.obj
 0001:0000d080       _zip64local_SearchCentralDir 1000e080 f   zip.obj
 0001:0000d230       _zip64local_SearchCentralDir64 1000e230 f   zip.obj
 0001:0000e460       _zip64FlushWriteBuffer     1000f460 f   zip.obj
 0001:0000f0cc       ?dllmain_crt_dispatch@@YGHQAUHINSTANCE__@@KQAX@Z 100100cc f   MSVCRT:dll_dllmain.obj
 0001:0000f11f       ?dllmain_crt_process_attach@@YAHQAUHINSTANCE__@@QAX@Z 1001011f f   MSVCRT:dll_dllmain.obj
 0001:0000f231       ?dllmain_crt_process_detach@@YAH_N@Z 10010231 f   MSVCRT:dll_dllmain.obj
 0001:0000f2ae       ?dllmain_dispatch@@YAHQAUHINSTANCE__@@KQAX@Z 100102ae f   MSVCRT:dll_dllmain.obj
 0001:0000f3b7       ?dllmain_raw@@YGHQAUHINSTANCE__@@KQAX@Z 100103b7 f   MSVCRT:dll_dllmain.obj
 0001:0000f44b       ?find_pe_section@@YAPAU_IMAGE_SECTION_HEADER@@QAEI@Z 1001044b f   MSVCRT:utility.obj
 0001:0000f48f       ?is_potentially_valid_image_base@@YA_NQAX@Z 1001048f f   MSVCRT:utility.obj
 0001:0000fb20       $$000000                   10010b20     MSVCRT:_sehprolg4_.obj
 0001:000101e0       $$000000                   100111e0     MSVCRT:lldiv.obj
 0001:00010290       $$000000                   10011290     MSVCRT:chkstk.obj
 0002:00000144       _GS_ExceptionPointers      10012144     MSVCRT:gs_report.obj
 0002:00000158       _crc_table                 10012158     crc32.obj
 0002:00002158       ?my_version@?1??deflateInit2_@@9@9 10014158     deflate.obj
 0002:00002160       _configuration_table       10014160     deflate.obj
 0002:000021d8       ?lenfix@?1??fixedtables@@9@9 100141d8     infback.obj
 0002:000029d8       ?distfix@?1??fixedtables@@9@9 100149d8     infback.obj
 0002:00002a58       ?order@?1??inflateBack@@9@9 10014a58     infback.obj
 0002:00002a80       ?lenfix@?1??fixedtables@@9@9 10014a80     inflate.obj
 0002:00003280       ?distfix@?1??fixedtables@@9@9 10015280     inflate.obj
 0002:00003300       ?order@?1??inflate@@9@9    10015300     inflate.obj
 0002:00003328       ?dext@?1??inflate_table@@9@9 10015328     inftrees.obj
 0002:00003368       ?lext@?1??inflate_table@@9@9 10015368     inftrees.obj
 0002:000033a8       ?lbase@?1??inflate_table@@9@9 100153a8     inftrees.obj
 0002:000033e8       ?dbase@?1??inflate_table@@9@9 100153e8     inftrees.obj
 0002:00003728       _static_dtree              10015728     trees.obj
 0002:000037a0       _extra_blbits              100157a0     trees.obj
 0002:000037f0       _extra_lbits               100157f0     trees.obj
 0002:00003868       _base_dist                 10015868     trees.obj
 0002:000038e0       _base_length               100158e0     trees.obj
 0002:00003958       _extra_dbits               10015958     trees.obj
 0002:000039d0       _static_ltree              100159d0     trees.obj
 0002:00003e50       _bl_order                  10015e50     trees.obj
 0002:00004608       __sehtable$?dllmain_crt_process_attach@@YAHQAUHINSTANCE__@@QAX@Z 10016608     MSVCRT:dll_dllmain.obj
 0002:00004628       __sehtable$?dllmain_crt_process_detach@@YAH_N@Z 10016628     MSVCRT:dll_dllmain.obj
 0002:00004648       __sehtable$?dllmain_dispatch@@YAHQAUHINSTANCE__@@KQAX@Z 10016648     MSVCRT:dll_dllmain.obj
 0002:00004668       __sehtable$___scrt_is_nonwritable_in_current_image 10016668     MSVCRT:utility.obj
 0002:00004690       .edata                     10016690     zlibwapi.exp
 0002:000046b8       rgpv                       100166b8     zlibwapi.exp
 0002:00004954       rgszName                   10016954     zlibwapi.exp
 0002:00004b38       rgwOrd                     10016b38     zlibwapi.exp
 0002:00004c2a       szName                     10016c2a     zlibwapi.exp
 0002:00004c37       $N00001                    10016c37     zlibwapi.exp
 0002:00004c3f       $N00140                    10016c3f     zlibwapi.exp
 0002:00004c4f       $N00039                    10016c4f     zlibwapi.exp
 0002:00004c59       $N00002                    10016c59     zlibwapi.exp
 0002:00004c62       $N00046                    10016c62     zlibwapi.exp
 0002:00004c70       $N00003                    10016c70     zlibwapi.exp
 0002:00004c76       $N00142                    10016c76     zlibwapi.exp
 0002:00004c84       $N00004                    10016c84     zlibwapi.exp
 0002:00004c8c       $N00047                    10016c8c     zlibwapi.exp
 0002:00004c99       $N00005                    10016c99     zlibwapi.exp
 0002:00004ca5       $N00006                    10016ca5     zlibwapi.exp
 0002:00004cb0       $N00007                    10016cb0     zlibwapi.exp
 0002:00004cbe       $N00008                    10016cbe     zlibwapi.exp
 0002:00004ccb       $N00009                    10016ccb     zlibwapi.exp
 0002:00004cd9       $N00052                    10016cd9     zlibwapi.exp
 0002:00004ce8       $N00051                    10016ce8     zlibwapi.exp
 0002:00004cf5       $N00010                    10016cf5     zlibwapi.exp
 0002:00004d02       $N00164                    10016d02     zlibwapi.exp
 0002:00004d13       $N00011                    10016d13     zlibwapi.exp
 0002:00004d28       $N00144                    10016d28     zlibwapi.exp
 0002:00004d39       $N00145                    10016d39     zlibwapi.exp
 0002:00004d45       $N00110                    10016d45     zlibwapi.exp
 0002:00004d59       $N00111                    10016d59     zlibwapi.exp
 0002:00004d6f       $N00112                    10016d6f     zlibwapi.exp
 0002:00004d86       $N00113                    10016d86     zlibwapi.exp
 0002:00004d9d       $N00038                    10016d9d     zlibwapi.exp
 0002:00004dab       $N00146                    10016dab     zlibwapi.exp
 0002:00004db4       $N00048                    10016db4     zlibwapi.exp
 0002:00004dbf       $N00012                    10016dbf     zlibwapi.exp
 0002:00004dc7       $N00147                    10016dc7     zlibwapi.exp
 0002:00004dd1       $N00148                    10016dd1     zlibwapi.exp
 0002:00004ddb       $N00149                    10016ddb     zlibwapi.exp
 0002:00004de4       $N00013                    10016de4     zlibwapi.exp
 0002:00004dec       $N00034                    10016dec     zlibwapi.exp
 0002:00004df2       $N00014                    10016df2     zlibwapi.exp
 0002:00004dfa       $N00015                    10016dfa     zlibwapi.exp
 0002:00004e02       $N00030                    10016e02     zlibwapi.exp
 0002:00004e09       $N00161                    10016e09     zlibwapi.exp
 0002:00004e11       $N00041                    10016e11     zlibwapi.exp
 0002:00004e18       $N00150                    10016e18     zlibwapi.exp
 0002:00004e21       $N00016                    10016e21     zlibwapi.exp
 0002:00004e28       $N00165                    10016e28     zlibwapi.exp
 0002:00004e31       $N00028                    10016e31     zlibwapi.exp
 0002:00004e3a       $N00029                    10016e3a     zlibwapi.exp
 0002:00004e41       $N00040                    10016e41     zlibwapi.exp
 0002:00004e48       $N00017                    10016e48     zlibwapi.exp
 0002:00004e4f       $N00032                    10016e4f     zlibwapi.exp
 0002:00004e58       $N00031                    10016e58     zlibwapi.exp
 0002:00004e5f       $N00035                    10016e5f     zlibwapi.exp
 0002:00004e6b       $N00033                    10016e6b     zlibwapi.exp
 0002:00004e72       $N00049                    10016e72     zlibwapi.exp
 0002:00004e7b       $N00167                    10016e7b     zlibwapi.exp
 0002:00004e85       $N00018                    10016e85     zlibwapi.exp
 0002:00004e8d       $N00019                    10016e8d     zlibwapi.exp
 0002:00004e95       $N00044                    10016e95     zlibwapi.exp
 0002:00004ea1       $N00045                    10016ea1     zlibwapi.exp
 0002:00004eb0       $N00043                    10016eb0     zlibwapi.exp
 0002:00004ec1       $N00042                    10016ec1     zlibwapi.exp
 0002:00004ecd       $N00020                    10016ecd     zlibwapi.exp
 0002:00004ed8       $N00166                    10016ed8     zlibwapi.exp
 0002:00004eed       $N00156                    10016eed     zlibwapi.exp
 0002:00004efe       $N00021                    10016efe     zlibwapi.exp
 0002:00004f0c       $N00022                    10016f0c     zlibwapi.exp
 0002:00004f19       $N00157                    10016f19     zlibwapi.exp
 0002:00004f25       $N00158                    10016f25     zlibwapi.exp
 0002:00004f32       $N00159                    10016f32     zlibwapi.exp
 0002:00004f40       $N00023                    10016f40     zlibwapi.exp
 0002:00004f4d       $N00163                    10016f4d     zlibwapi.exp
 0002:00004f5e       $N00024                    10016f5e     zlibwapi.exp
 0002:00004f73       $N00025                    10016f73     zlibwapi.exp
 0002:00004f7f       $N00037                    10016f7f     zlibwapi.exp
 0002:00004f90       $N00160                    10016f90     zlibwapi.exp
 0002:00004fa1       $N00026                    10016fa1     zlibwapi.exp
 0002:00004fac       $N00062                    10016fac     zlibwapi.exp
 0002:00004fb5       $N00072                    10016fb5     zlibwapi.exp
 0002:00004fc9       $N00124                    10016fc9     zlibwapi.exp
 0002:00004fe1       $N00064                    10016fe1     zlibwapi.exp
 0002:00004ff7       $N00125                    10016ff7     zlibwapi.exp
 0002:00005015       $N00127                    10017015     zlibwapi.exp
 0002:00005025       $N00100                    10017025     zlibwapi.exp
 0002:00005033       $N00073                    10017033     zlibwapi.exp
 0002:00005047       $N00122                    10017047     zlibwapi.exp
 0002:0000505a       $N00063                    1001705a     zlibwapi.exp
 0002:0000506b       $N00076                    1001706b     zlibwapi.exp
 0002:00005081       $N00128                    10017081     zlibwapi.exp
 0002:00005092       $N00101                    10017092     zlibwapi.exp
 0002:000050a1       $N00065                    100170a1     zlibwapi.exp
 0002:000050b2       $N00066                    100170b2     zlibwapi.exp
 0002:000050c2       $N00075                    100170c2     zlibwapi.exp
 0002:000050d0       $N00077                    100170d0     zlibwapi.exp
 0002:000050d9       $N00121                    100170d9     zlibwapi.exp
 0002:000050e5       $N00120                    100170e5     zlibwapi.exp
 0002:000050ef       $N00061                    100170ef     zlibwapi.exp
 0002:000050f7       $N00078                    100170f7     zlibwapi.exp
 0002:0000510b       $N00069                    1001710b     zlibwapi.exp
 0002:0000511f       $N00067                    1001711f     zlibwapi.exp
 0002:00005132       $N00079                    10017132     zlibwapi.exp
 0002:0000514d       $N00068                    1001714d     zlibwapi.exp
 0002:00005160       $N00074                    10017160     zlibwapi.exp
 0002:00005179       $N00071                    10017179     zlibwapi.exp
 0002:00005180       $N00126                    10017180     zlibwapi.exp
 0002:0000518a       $N00070                    1001718a     zlibwapi.exp
 0002:00005192       $N00036                    10017192     zlibwapi.exp
 0002:00005199       $N00084                    10017199     zlibwapi.exp
 0002:000051a2       $N00083                    100171a2     zlibwapi.exp
 0002:000051b4       $N00136                    100171b4     zlibwapi.exp
 0002:000051cb       $N00087                    100171cb     zlibwapi.exp
 0002:000051e0       $N00088                    100171e0     zlibwapi.exp
 0002:000051e9       $N00131                    100171e9     zlibwapi.exp
 0002:000051f5       $N00130                    100171f5     zlibwapi.exp
 0002:000051ff       $N00080                    100171ff     zlibwapi.exp
 0002:00005207       $N00086                    10017207     zlibwapi.exp
 0002:0000521c       $N00133                    1001721c     zlibwapi.exp
 0002:00005234       $N00089                    10017234     zlibwapi.exp
 0002:00005249       $N00134                    10017249     zlibwapi.exp
 0002:00005261       $N00135                    10017261     zlibwapi.exp
 0002:00005279       $N00132                    10017279     zlibwapi.exp
 0002:0000528f       $N00081                    1001728f     zlibwapi.exp
 0002:000052a3       $N00082                    100172a3     zlibwapi.exp
 0002:000052b7       $N00050                    100172b7     zlibwapi.exp
 0002:000052c8       $N00027                    100172c8     zlibwapi.exp
 0002:00005512       .idata$6                   10017512     kernel32:KERNEL32.dll
 0002:000055b2       .idata$6                   100175b2     vcruntime:VCRUNTIME140.dll
 0002:00005794       .idata$6                   10017794     ucrt:api-ms-win-crt-stdio-l1-1-0.dll
 0002:000057b4       .idata$6                   100177b4     ucrt:api-ms-win-crt-convert-l1-1-0.dll
 0002:000057d6       .idata$6                   100177d6     ucrt:api-ms-win-crt-heap-l1-1-0.dll
 0002:000057f6       .idata$6                   100177f6     ucrt:api-ms-win-crt-runtime-l1-1-0.dll
 0002:00005818       .idata$6                   10017818     ucrt:api-ms-win-crt-utility-l1-1-0.dll
 0002:0000583a       .idata$6                   1001783a     ucrt:api-ms-win-crt-time-l1-1-0.dll
 0003:00000020       _static_l_desc             10018020     trees.obj
 0003:00000034       _static_bl_desc            10018034     trees.obj
 0003:00000048       _static_d_desc             10018048     trees.obj
 0003:00000060       ?__proc_attached@@3HA      10018060     MSVCRT:dll_dllmain.obj
 0003:0000006c       ?module_local_atexit_table@@3U_onexit_table_t@@A 1001806c     MSVCRT:utility.obj
 0003:00000078       ?module_local_at_quick_exit_table@@3U_onexit_table_t@@A 10018078     MSVCRT:utility.obj
 0003:00000084       ?is_initialized_as_dll@@3_NA 10018084     MSVCRT:utility.obj
 0003:000000b0       _GS_ExceptionRecord        100180b0     MSVCRT:gs_report.obj
 0003:00000100       _GS_ContextRecord          10018100     MSVCRT:gs_report.obj
 0003:000003cc       ?calls@?1??crypthead@@9@9  100183cc     zip.obj
 0004:00000000       __guard_fids_?dllmain_crt_process_attach@@YAHQAUHINSTANCE__@@QAX@Z 10019000     MSVCRT:dll_dllmain.obj
 0004:00000008       __guard_fids_?dllmain_dispatch@@YAHQAUHINSTANCE__@@KQAX@Z 10019008     MSVCRT:dll_dllmain.obj
 0004:0000000c       __guard_fids____scrt_set_unhandled_exception_filter 1001900c     MSVCRT:utility_desktop.obj
 0004:00000010       __guard_fids___except_handler4 10019010     MSVCRT:_chandler4gs_.obj
 0004:00000014       __guard_fids__             10019014     MSVCRT:guard_support.obj
 0004:00000018       __guard_fids___guard_icall_checks_enforced 10019018     MSVCRT:guard_support.obj
 0005:00000060       $R000000                   1001a060     zlib.res
